( cd bench && go test -count=1 -timeout 45m -v ./... )
=== RUN   TestAgainstOtherLibraries
=== RUN   TestAgainstOtherLibraries/zipf
    competitor_test.go:74: 
        zipf (200000 requests, cache 500)
        skewed popularity; favours frequency-aware policies (LFU, W-TinyLFU)
        | Policy | Hit rate | ns/op |
        | --- | --- | --- |
        | theine | 73.63% | 353 |
        | otter v2 | 73.11% | 525 |
        | ristretto | 69.22% | 219 |
        | as-cache (adaptive) | 68.10% | 3511 |
        | sturdyc | 62.01% | 322 |
=== RUN   TestAgainstOtherLibraries/uniform
    competitor_test.go:74: 
        uniform (200000 requests, cache 500)
        no reuse structure; random eviction is competitive
        | Policy | Hit rate | ns/op |
        | --- | --- | --- |
        | theine | 10.44% | 548 |
        | otter v2 | 10.10% | 1340 |
        | as-cache (adaptive) | 10.00% | 5831 |
        | ristretto | 9.98% | 221 |
        | sturdyc | 9.53% | 609 |
=== RUN   TestAgainstOtherLibraries/loop
    competitor_test.go:74: 
        loop (200000 requests, cache 500)
        cyclic scan just over capacity; pathological for LRU, fine for random
        | Policy | Hit rate | ns/op |
        | --- | --- | --- |
        | ristretto | 88.99% | 128 |
        | theine | 88.57% | 239 |
        | as-cache (adaptive) | 86.50% | 2694 |
        | otter v2 | 86.42% | 297 |
        | sturdyc | 44.87% | 390 |
=== RUN   TestAgainstOtherLibraries/scan
    competitor_test.go:74: 
        scan (200000 requests, cache 500)
        hot set plus repeated one-off sweeps; favours scan-resistant policies (2Q, ARC, W-TinyLFU)
        | Policy | Hit rate | ns/op |
        | --- | --- | --- |
        | theine | 39.86% | 400 |
        | otter v2 | 39.86% | 872 |
        | as-cache (adaptive) | 39.45% | 3995 |
        | ristretto | 39.05% | 180 |
        | sturdyc | 30.01% | 488 |
=== RUN   TestAgainstOtherLibraries/phase-shift
    competitor_test.go:74: 
        phase-shift (200000 requests, cache 500)
        alternating zipf and loop phases; no fixed policy is good in both
        | Policy | Hit rate | ns/op |
        | --- | --- | --- |
        | theine | 80.07% | 284 |
        | otter v2 | 77.71% | 487 |
        | ristretto | 72.58% | 173 |
        | as-cache (adaptive) | 69.76% | 3424 |
        | sturdyc | 53.55% | 355 |
--- PASS: TestAgainstOtherLibraries (5.66s)
    --- PASS: TestAgainstOtherLibraries/zipf (0.99s)
    --- PASS: TestAgainstOtherLibraries/uniform (1.71s)
    --- PASS: TestAgainstOtherLibraries/loop (0.75s)
    --- PASS: TestAgainstOtherLibraries/scan (1.19s)
    --- PASS: TestAgainstOtherLibraries/phase-shift (0.94s)
=== RUN   TestRistrettoSetIsLossy
    competitor_test.go:123: ristretto retained 0/50 keys written into a cache of 500
--- PASS: TestRistrettoSetIsLossy (0.00s)
=== RUN   TestCompetitorCapacityHonesty
=== RUN   TestCompetitorCapacityHonesty/otter_v2
    competitor_test.go:166: otter v2 asked for 500, holds 500 (1.0x)
=== RUN   TestCompetitorCapacityHonesty/theine
    competitor_test.go:166: theine asked for 500, holds 559 (1.1x)
=== RUN   TestCompetitorCapacityHonesty/ristretto
    competitor_test.go:166: ristretto asked for 500, holds 536 (1.1x)
=== RUN   TestCompetitorCapacityHonesty/sturdyc
    competitor_test.go:166: sturdyc asked for 500, holds 476 (1.0x)
--- PASS: TestCompetitorCapacityHonesty (0.01s)
    --- PASS: TestCompetitorCapacityHonesty/otter_v2 (0.01s)
    --- PASS: TestCompetitorCapacityHonesty/theine (0.00s)
    --- PASS: TestCompetitorCapacityHonesty/ristretto (0.00s)
    --- PASS: TestCompetitorCapacityHonesty/sturdyc (0.00s)
=== RUN   TestEvidenceHelpersEmpty
--- PASS: TestEvidenceHelpersEmpty (0.00s)
=== RUN   TestEvidenceMedianEven
--- PASS: TestEvidenceMedianEven (0.00s)
=== RUN   TestEvidenceMetadataUsesMeasuredConfiguration
=== RUN   TestEvidenceMetadataUsesMeasuredConfiguration/raised_floor
=== RUN   TestEvidenceMetadataUsesMeasuredConfiguration/changed_configuration
=== RUN   TestEvidenceMetadataUsesMeasuredConfiguration/clamped_to_full_cache
=== RUN   TestEvidenceMetadataUsesMeasuredConfiguration/library_default_floor
--- PASS: TestEvidenceMetadataUsesMeasuredConfiguration (0.00s)
    --- PASS: TestEvidenceMetadataUsesMeasuredConfiguration/raised_floor (0.00s)
    --- PASS: TestEvidenceMetadataUsesMeasuredConfiguration/changed_configuration (0.00s)
    --- PASS: TestEvidenceMetadataUsesMeasuredConfiguration/clamped_to_full_cache (0.00s)
    --- PASS: TestEvidenceMetadataUsesMeasuredConfiguration/library_default_floor (0.00s)
=== RUN   TestReferenceMissPrecisionContract
--- PASS: TestReferenceMissPrecisionContract (0.00s)
=== RUN   TestFixedPolicyEvidence
=== RUN   TestFixedPolicyEvidence/zipf
    evidence_test.go:74: 
        zipf (200000 requests, cache 500)
        skewed popularity; favours frequency-aware policies (LFU, W-TinyLFU)
        | Policy | Hit rate | ns/op |
        | --- | --- | --- |
        | SIEVE | 73.58% | 128 |
        | S3-FIFO | 73.49% | 245 |
        | LFU | 73.47% | 465 |
        | ARC | 73.16% | 179 |
        | W-TinyLFU | 73.15% | 166 |
        | 2Q | 72.02% | 160 |
        | LRU | 66.91% | 67 |
        | TTL | 66.91% | 146 |
        | Random | 62.64% | 95 |
=== RUN   TestFixedPolicyEvidence/uniform
    evidence_test.go:74: 
        uniform (200000 requests, cache 500)
        no reuse structure; random eviction is competitive
        | Policy | Hit rate | ns/op |
        | --- | --- | --- |
        | W-TinyLFU | 12.13% | 355 |
        | Random | 10.09% | 186 |
        | ARC | 10.03% | 441 |
        | LFU | 10.02% | 414 |
        | LRU | 9.99% | 124 |
        | TTL | 9.99% | 223 |
        | 2Q | 9.99% | 416 |
        | S3-FIFO | 9.99% | 603 |
        | SIEVE | 9.98% | 375 |
=== RUN   TestFixedPolicyEvidence/loop
    evidence_test.go:74: 
        loop (200000 requests, cache 500)
        cyclic scan just over capacity; pathological for LRU, fine for random
        | Policy | Hit rate | ns/op |
        | --- | --- | --- |
        | W-TinyLFU | 93.11% | 77 |
        | Random | 82.15% | 45 |
        | S3-FIFO | 79.67% | 204 |
        | 2Q | 68.60% | 124 |
        | ARC | 0.12% | 325 |
        | LRU | 0.00% | 112 |
        | LFU | 0.00% | 131 |
        | TTL | 0.00% | 210 |
        | SIEVE | 0.00% | 327 |
=== RUN   TestFixedPolicyEvidence/scan
    evidence_test.go:74: 
        scan (200000 requests, cache 500)
        hot set plus repeated one-off sweeps; favours scan-resistant policies (2Q, ARC, W-TinyLFU)
        | Policy | Hit rate | ns/op |
        | --- | --- | --- |
        | LFU | 39.95% | 133 |
        | 2Q | 39.95% | 252 |
        | ARC | 39.95% | 270 |
        | S3-FIFO | 39.95% | 390 |
        | SIEVE | 39.95% | 248 |
        | W-TinyLFU | 39.82% | 246 |
        | Random | 31.98% | 139 |
        | LRU | 30.00% | 90 |
        | TTL | 30.00% | 192 |
=== RUN   TestFixedPolicyEvidence/phase-shift
    evidence_test.go:74: 
        phase-shift (200000 requests, cache 500)
        alternating zipf and loop phases; no fixed policy is good in both
        | Policy | Hit rate | ns/op |
        | --- | --- | --- |
        | W-TinyLFU | 82.77% | 124 |
        | S3-FIFO | 71.59% | 266 |
        | SIEVE | 69.74% | 142 |
        | LFU | 69.66% | 269 |
        | Random | 68.28% | 84 |
        | 2Q | 61.48% | 175 |
        | ARC | 39.92% | 268 |
        | LRU | 34.50% | 98 |
        | TTL | 34.50% | 203 |
--- PASS: TestFixedPolicyEvidence (2.04s)
    --- PASS: TestFixedPolicyEvidence/zipf (0.33s)
    --- PASS: TestFixedPolicyEvidence/uniform (0.63s)
    --- PASS: TestFixedPolicyEvidence/loop (0.31s)
    --- PASS: TestFixedPolicyEvidence/scan (0.39s)
    --- PASS: TestFixedPolicyEvidence/phase-shift (0.33s)
=== RUN   TestAdaptiveVersusFixed
=== RUN   TestAdaptiveVersusFixed/zipf
    evidence_test.go:144: 
        zipf vs fixed policies
        | Policy | Hit rate | ns/op |
        | --- | --- | --- |
        | SIEVE | 73.58% | 132 |
        | S3-FIFO | 73.49% | 247 |
        | LFU | 73.47% | 473 |
        | W-TinyLFU | 73.32% | 164 |
        | ARC | 73.16% | 168 |
        | 2Q | 72.02% | 161 |
        | LRU | 66.91% | 65 |
        | TTL | 66.91% | 148 |
        | adaptive | 66.19% | 3598 |
        | Random | 62.58% | 98 |
=== RUN   TestAdaptiveVersusFixed/uniform
    evidence_test.go:144: 
        uniform vs fixed policies
        | Policy | Hit rate | ns/op |
        | --- | --- | --- |
        | W-TinyLFU | 12.12% | 369 |
        | Random | 10.10% | 187 |
        | ARC | 10.03% | 449 |
        | adaptive | 10.02% | 6656 |
        | LFU | 10.02% | 393 |
        | LRU | 9.99% | 123 |
        | TTL | 9.99% | 236 |
        | 2Q | 9.99% | 339 |
        | S3-FIFO | 9.99% | 742 |
        | SIEVE | 9.98% | 411 |
=== RUN   TestAdaptiveVersusFixed/loop
    evidence_test.go:144: 
        loop vs fixed policies
        | Policy | Hit rate | ns/op |
        | --- | --- | --- |
        | W-TinyLFU | 93.17% | 75 |
        | adaptive | 86.25% | 2603 |
        | Random | 82.17% | 43 |
        | S3-FIFO | 79.67% | 214 |
        | 2Q | 68.60% | 120 |
        | ARC | 0.12% | 308 |
        | LRU | 0.00% | 92 |
        | LFU | 0.00% | 130 |
        | TTL | 0.00% | 218 |
        | SIEVE | 0.00% | 329 |
=== RUN   TestAdaptiveVersusFixed/scan
    evidence_test.go:144: 
        scan vs fixed policies
        | Policy | Hit rate | ns/op |
        | --- | --- | --- |
        | LFU | 39.95% | 119 |
        | 2Q | 39.95% | 253 |
        | ARC | 39.95% | 258 |
        | S3-FIFO | 39.95% | 398 |
        | SIEVE | 39.95% | 254 |
        | W-TinyLFU | 39.70% | 300 |
        | adaptive | 35.04% | 4664 |
        | Random | 31.98% | 143 |
        | LRU | 30.00% | 109 |
        | TTL | 30.00% | 205 |
=== RUN   TestAdaptiveVersusFixed/phase-shift
    evidence_test.go:144: 
        phase-shift vs fixed policies
        | Policy | Hit rate | ns/op |
        | --- | --- | --- |
        | W-TinyLFU | 83.37% | 120 |
        | S3-FIFO | 71.59% | 276 |
        | adaptive | 71.03% | 3473 |
        | SIEVE | 69.74% | 142 |
        | LFU | 69.66% | 275 |
        | Random | 68.17% | 83 |
        | 2Q | 61.48% | 169 |
        | ARC | 39.92% | 289 |
        | LRU | 34.50% | 112 |
        | TTL | 34.50% | 194 |
=== NAME  TestAdaptiveVersusFixed
    evidence_test.go:181: 
        | Workload | Adaptive | Best fixed | Worst fixed | Adaptive vs best |
        | --- | --- | --- | --- | --- |
        | zipf | 66.19% | SIEVE 73.58% | 62.58% | -7.39 pts |
        | uniform | 10.02% | W-TinyLFU 12.12% | 9.98% | -2.10 pts |
        | loop | 86.25% | W-TinyLFU 93.17% | 0.00% | -6.92 pts |
        | scan | 35.04% | LFU 39.95% | 30.00% | -4.91 pts |
        | phase-shift | 71.03% | W-TinyLFU 83.37% | 34.50% | -12.34 pts |
        
--- PASS: TestAdaptiveVersusFixed (6.28s)
    --- PASS: TestAdaptiveVersusFixed/zipf (1.05s)
    --- PASS: TestAdaptiveVersusFixed/uniform (1.98s)
    --- PASS: TestAdaptiveVersusFixed/loop (0.83s)
    --- PASS: TestAdaptiveVersusFixed/scan (1.34s)
    --- PASS: TestAdaptiveVersusFixed/phase-shift (1.03s)
=== RUN   TestSamplingPreservesPolicyRanking
=== RUN   TestSamplingPreservesPolicyRanking/zipf
    evidence_test.go:241: 
        zipf
          full-size shadows  ARC=81.62% TwoQueue=81.32% SIEVE=81.20% LFU=81.20% TinyLFU=81.18% S3FIFO=81.13% LRU=79.22% TTL=79.22% Random=76.70%
          -> picks ARC
    evidence_test.go:255:   rate 0.05          ARC=79.28% TwoQueue=78.96% TinyLFU=78.74% SIEVE=78.74% LFU=78.74% S3FIFO=78.69% TTL=76.79% LRU=76.68% Random=74.07%
          -> picks ARC, regret 0.00 pts
    evidence_test.go:255:   rate 0.10          ARC=72.29% TinyLFU=72.02% TwoQueue=71.95% SIEVE=71.75% LFU=71.75% S3FIFO=71.46% TTL=68.89% LRU=68.86% Random=65.30%
          -> picks ARC, regret 0.00 pts
    evidence_test.go:255:   rate 0.30          ARC=89.41% TwoQueue=89.23% TinyLFU=89.19% LFU=89.16% SIEVE=89.16% S3FIFO=89.12% LRU=88.06% TTL=88.04% Random=86.46%
          -> picks ARC, regret 0.00 pts
    evidence_test.go:255:   rate 0.50          ARC=86.39% TwoQueue=86.17% SIEVE=86.08% LFU=86.08% TinyLFU=86.04% S3FIFO=86.03% LRU=84.69% TTL=84.64% Random=82.64%
          -> picks ARC, regret 0.00 pts
=== RUN   TestSamplingPreservesPolicyRanking/scan
    evidence_test.go:241: 
        scan
          full-size shadows  ARC=28.33% TwoQueue=28.33% S3FIFO=28.33% SIEVE=28.33% LFU=28.33% TinyLFU=28.08% TTL=21.43% LRU=21.43% Random=18.88%
          -> picks ARC
    evidence_test.go:255:   rate 0.05          TwoQueue=26.87% SIEVE=26.87% ARC=26.87% S3FIFO=26.87% LFU=26.87% TinyLFU=26.24% TTL=20.32% LRU=20.32% Random=18.08%
          -> picks SIEVE, regret 0.00 pts
    evidence_test.go:255:   rate 0.10          LFU=26.39% ARC=26.39% TwoQueue=26.39% S3FIFO=26.39% SIEVE=26.39% TinyLFU=25.66% TTL=19.96% LRU=19.96% Random=17.87%
          -> picks LFU, regret 0.00 pts
    evidence_test.go:255:   rate 0.30          SIEVE=27.29% LFU=27.29% S3FIFO=27.29% TwoQueue=27.29% ARC=27.29% TinyLFU=26.70% LRU=20.64% TTL=20.64% Random=18.38%
          -> picks TwoQueue, regret 0.00 pts
    evidence_test.go:255:   rate 0.50          TwoQueue=28.16% SIEVE=28.16% LFU=28.16% ARC=28.16% S3FIFO=28.16% TinyLFU=27.44% LRU=21.30% TTL=21.30% Random=18.81%
          -> picks S3FIFO, regret 0.00 pts
--- PASS: TestSamplingPreservesPolicyRanking (23.73s)
    --- PASS: TestSamplingPreservesPolicyRanking/zipf (2.19s)
    --- PASS: TestSamplingPreservesPolicyRanking/scan (21.44s)
=== RUN   TestSamplingPreservesClearOrderings
=== RUN   TestSamplingPreservesClearOrderings/loop
    evidence_test.go:332: rate 0.05: 8 clearly separated pairs, 0 inverted
    evidence_test.go:332: rate 0.10: 8 clearly separated pairs, 0 inverted
    evidence_test.go:332: rate 0.30: 8 clearly separated pairs, 0 inverted
    evidence_test.go:332: rate 0.50: 8 clearly separated pairs, 0 inverted
=== RUN   TestSamplingPreservesClearOrderings/scan
    evidence_test.go:332: rate 0.05: 8 clearly separated pairs, 0 inverted
    evidence_test.go:332: rate 0.10: 8 clearly separated pairs, 0 inverted
    evidence_test.go:332: rate 0.30: 8 clearly separated pairs, 0 inverted
    evidence_test.go:332: rate 0.50: 8 clearly separated pairs, 0 inverted
--- PASS: TestSamplingPreservesClearOrderings (22.16s)
    --- PASS: TestSamplingPreservesClearOrderings/loop (1.95s)
    --- PASS: TestSamplingPreservesClearOrderings/scan (20.13s)
=== RUN   TestMemoryMultiplier
    memory_test.go:117: 
        memory holding 50000 entries of 256-byte values, 8 policies
          single LRU               18.5 MiB   (1.00x)
          adaptive, no sampling    72.3 MiB   (3.92x)
          adaptive, sample 0.05    25.7 MiB   (1.39x)
    memory_test.go:143:   each shadow costs 7.7 MiB against a 18.5 MiB full cache (0.42x)
--- PASS: TestMemoryMultiplier (0.32s)
=== RUN   TestAllocationsPerOperation
    memory_test.go:183: 
        Get on a warm cache:
    memory_test.go:178:   single LRU                   32.0 ns/op       0 B/op     0 allocs/op
    memory_test.go:178:   adaptive, no sampling       819.0 ns/op       3 B/op     0 allocs/op
    memory_test.go:178:   adaptive, sample 0.05        93.0 ns/op       0 B/op     0 allocs/op
--- PASS: TestAllocationsPerOperation (3.68s)
=== RUN   TestLRUMatchesReference
    reference_test.go:68: AS_CACHE_LRU_REFERENCE is not set; run ./scripts/verify-ref.sh
--- SKIP: TestLRUMatchesReference (0.00s)
=== RUN   TestShadowsMeasureWhatThePolicyWouldActuallyServe
=== RUN   TestShadowsMeasureWhatThePolicyWouldActuallyServe/loop
    shadow_fidelity_test.go:115: TinyLFU  standalone  92.16%  shadow  87.23%  (-4.93 pts)
    shadow_fidelity_test.go:115: Random   standalone  82.29%  shadow  82.15%  (-0.14 pts)
    shadow_fidelity_test.go:115: S3FIFO   standalone  79.73%  shadow  79.73%  (+0.00 pts)
    shadow_fidelity_test.go:115: TwoQueue standalone  68.68%  shadow  68.68%  (+0.00 pts)
    shadow_fidelity_test.go:115: ARC      standalone   0.10%  shadow   0.10%  (+0.00 pts)
    shadow_fidelity_test.go:115: LRU      standalone   0.00%  shadow   0.00%  (+0.00 pts)
    shadow_fidelity_test.go:115: LFU      standalone   0.00%  shadow   0.00%  (+0.00 pts)
    shadow_fidelity_test.go:115: TTL      standalone   0.00%  shadow   0.00%  (+0.00 pts)
    shadow_fidelity_test.go:115: SIEVE    standalone   0.00%  shadow   0.00%  (+0.00 pts)
=== RUN   TestShadowsMeasureWhatThePolicyWouldActuallyServe/zipf
    shadow_fidelity_test.go:115: SIEVE    standalone  73.58%  shadow  73.58%  (+0.00 pts)
    shadow_fidelity_test.go:115: S3FIFO   standalone  73.49%  shadow  73.49%  (+0.00 pts)
    shadow_fidelity_test.go:115: LFU      standalone  73.47%  shadow  73.47%  (+0.00 pts)
    shadow_fidelity_test.go:115: ARC      standalone  73.16%  shadow  73.16%  (+0.00 pts)
    shadow_fidelity_test.go:115: TinyLFU  standalone  73.17%  shadow  72.05%  (-1.13 pts)
    shadow_fidelity_test.go:115: TwoQueue standalone  72.02%  shadow  72.02%  (+0.00 pts)
    shadow_fidelity_test.go:115: LRU      standalone  66.91%  shadow  66.91%  (+0.00 pts)
    shadow_fidelity_test.go:115: TTL      standalone  66.91%  shadow  66.91%  (+0.00 pts)
    shadow_fidelity_test.go:115: Random   standalone  62.51%  shadow  62.60%  (+0.09 pts)
--- PASS: TestShadowsMeasureWhatThePolicyWouldActuallyServe (1.93s)
    --- PASS: TestShadowsMeasureWhatThePolicyWouldActuallyServe/loop (0.97s)
    --- PASS: TestShadowsMeasureWhatThePolicyWouldActuallyServe/zipf (0.93s)
=== RUN   TestSieveLFUDistinction
=== RUN   TestSieveLFUDistinction/cold_scan
=== RUN   TestSieveLFUDistinction/protect_visited
=== RUN   TestSieveLFUDistinction/frequency_outlives_bit
--- PASS: TestSieveLFUDistinction (0.00s)
    --- PASS: TestSieveLFUDistinction/cold_scan (0.00s)
    --- PASS: TestSieveLFUDistinction/protect_visited (0.00s)
    --- PASS: TestSieveLFUDistinction/frequency_outlives_bit (0.00s)
=== RUN   TestActivePolicyTimeline
    timeline_test.go:154: 
        phase-shift timeline (240000 requests, cache 500, 12 phases)
        phase      Z---------------------------------------L---------------------------------------Z---------------------------------------L---------------------------------------Z---------------------------------------L---------------------------------------Z---------------------------------------L---------------------------------------Z---------------------------------------L---------------------------------------Z---------------------------------------L---------------------------------------   (Z = zipf phase, L = loop phase)
        LRU        ##########                                                                                                                                                                                                                                                                                                                                                                                                                                                                                      
        LFU                                     ########                                                                                                                                                                                                                                                                                                                                                                                                                                                           
        TwoQueue             #######                                                                                                                                                                                                                                                                                                                                                                                                                                                                               
        TinyLFU                     #####                     ###############################################################################################################################################################################################################################################################################################################################################################################################      ################################################
        S3FIFO                                          ######                                                                                                                                                                                                                                                                                                                                                                                                                                                     
        SIEVE                            #######                                                                                                                                                                                                                                                                                                                                                                                                             ######                                                
        
        share of time active: LRU 2%, LFU 2%, TwoQueue 1%, TinyLFU 91%, S3FIFO 1%, SIEVE 3%
        hit rate 78.04%
--- PASS: TestActivePolicyTimeline (0.15s)
=== RUN   TestTraceEvidence
=== RUN   TestTraceEvidence/twitter_cluster052.csv
    trace_evidence_test.go:166: 
        twitter_cluster052.csv
        Twitter Twemcache production KV cache (OSDI '20)
        real trace: 1000000 requests over 255333 distinct keys
        cache 10000 entries, 3.9% of the 255333 distinct keys
    trace_evidence_test.go:196: 
        | Subject | Hit rate, median [min-max] |
        | --- | --- |
        | SIEVE | 59.78% |
        | S3-FIFO | 59.73% |
        | 2Q | 59.62% |
        | ARC | 58.99% |
        | adaptive, 20 epochs (every 50000 requests) | 58.77% [58.74-58.78] |
        | adaptive, 10 epochs (every 100000 requests) | 58.69% [58.60-58.82] |
        | LRU | 58.39% |
        | TTL | 58.39% |
        | adaptive, 50 epochs (every 20000 requests) | 58.18% [58.09-58.45] |
        | W-TinyLFU | 57.41% [54.73-58.65] |
        | Random | 54.81% [54.80-54.82] |
        | LFU | 41.44% |
=== RUN   TestTraceEvidence/lirs_loop.trace
    trace_evidence_test.go:166: 
        lirs_loop.trace
        LIRS loop: cyclic scan, adversarial for LRU (SIGMETRICS '02)
        real trace: 505500 requests over 1011 distinct keys
        cache 500 entries, 49.5% of the 1011 distinct keys
    trace_evidence_test.go:196: 
        | Subject | Hit rate, median [min-max] |
        | --- | --- |
        | W-TinyLFU | 44.00% [40.67-45.34] |
        | adaptive, 50 epochs (every 10110 requests) | 42.48% [40.78-44.04] |
        | adaptive, 20 epochs (every 25275 requests) | 42.05% [41.21-42.48] |
        | adaptive, 10 epochs (every 50550 requests) | 39.59% [38.50-41.13] |
        | Random | 19.69% [19.64-19.72] |
        | S3-FIFO | 0.00% |
        | LRU | 0.00% |
        | 2Q | 0.00% |
        | TTL | 0.00% |
        | SIEVE | 0.00% |
        | LFU | 0.00% |
        | ARC | 0.00% |
=== RUN   TestTraceEvidence/lirs_2_pools.trace
    trace_evidence_test.go:166: 
        lirs_2_pools.trace
        LIRS 2_pools: two interleaved pools with different locality
        real trace: 100000 requests over 9939 distinct keys
        cache 1000 entries, 10.1% of the 9939 distinct keys
    trace_evidence_test.go:196: 
        | Subject | Hit rate, median [min-max] |
        | --- | --- |
        | W-TinyLFU | 54.66% [54.65-54.82] |
        | LRU | 54.41% |
        | TTL | 54.41% |
        | adaptive, 10 epochs (every 10000 requests) | 54.41% [54.40-54.43] |
        | 2Q | 54.40% |
        | adaptive, 20 epochs (every 5000 requests) | 54.39% [54.37-54.52] |
        | ARC | 54.37% |
        | S3-FIFO | 54.37% |
        | LFU | 54.36% |
        | SIEVE | 54.36% |
        | adaptive, 50 epochs (every 2000 requests) | 54.17% [53.99-54.22] |
        | Random | 50.04% [49.86-50.09] |
=== RUN   TestTraceEvidence/arc_p3
    trace_evidence_test.go:166: 
        arc_p3
        ARC paper P3 workstation trace (FAST '03)
        ARC trace: 138478 records expanded to 2000000 accesses over 426527 distinct blocks
        cache 20000 entries, 4.7% of the 426527 distinct keys
    trace_evidence_test.go:196: 
        | Subject | Hit rate, median [min-max] |
        | --- | --- |
        | adaptive, 20 epochs (every 100000 requests) | 12.88% [12.41-13.16] |
        | adaptive, 10 epochs (every 200000 requests) | 12.20% [12.06-12.58] |
        | adaptive, 50 epochs (every 40000 requests) | 12.19% [11.62-12.40] |
        | W-TinyLFU | 11.86% [11.84-12.16] |
        | S3-FIFO | 10.75% |
        | ARC | 10.25% |
        | 2Q | 7.74% |
        | LFU | 4.82% |
        | SIEVE | 4.82% |
        | Random | 3.07% [3.07-3.09] |
        | LRU | 1.87% |
        | TTL | 1.87% |
=== RUN   TestTraceEvidence/arc_oltp
    trace_evidence_test.go:166: 
        arc_oltp
        ARC paper OLTP database trace (FAST '03)
        ARC trace: 914145 records expanded to 914145 accesses over 186880 distinct blocks
        cache 20000 entries, 10.7% of the 186880 distinct keys
    trace_evidence_test.go:196: 
        | Subject | Hit rate, median [min-max] |
        | --- | --- |
        | 2Q | 68.25% |
        | ARC | 67.80% |
        | S3-FIFO | 67.79% |
        | SIEVE | 67.72% |
        | adaptive, 10 epochs (every 91414 requests) | 67.46% [67.37-67.54] |
        | adaptive, 20 epochs (every 45707 requests) | 67.10% [66.84-67.24] |
        | TTL | 67.06% |
        | LRU | 67.06% |
        | adaptive, 50 epochs (every 18282 requests) | 65.94% [65.85-66.42] |
        | W-TinyLFU | 63.15% [63.07-63.17] |
        | Random | 63.02% [62.97-63.03] |
        | LFU | 45.43% |
=== RUN   TestTraceEvidence/meta_kvcache_202206_1
    trace_evidence_test.go:166: 
        meta_kvcache_202206_1
        Meta production key-value cache, 500 hosts over 5 days (CacheBench kvcache/202206)
        Meta kvcache trace: 1160580 rows (942355 reads, 218225 writes) expanded by op_count to 2000000 reads over 340723 distinct keys
        cache 10000 entries, 2.9% of the 340723 distinct keys
    trace_evidence_test.go:196: 
        | Subject | Hit rate, median [min-max] |
        | --- | --- |
        | S3-FIFO | 69.05% |
        | SIEVE | 68.92% |
        | W-TinyLFU | 68.51% [68.50-68.55] |
        | ARC | 68.27% |
        | 2Q | 68.16% |
        | adaptive, 10 epochs (every 200000 requests) | 67.94% [67.71-68.45] |
        | adaptive, 20 epochs (every 100000 requests) | 67.60% [67.48-67.65] |
        | adaptive, 50 epochs (every 40000 requests) | 66.90% [66.75-67.05] |
        | LFU | 66.87% |
        | LRU | 66.39% |
        | TTL | 66.39% |
        | Random | 65.19% [65.16-65.21] |
=== RUN   TestTraceEvidence/msr_hm_0
    trace_evidence_test.go:166: 
        msr_hm_0
        MSR Cambridge enterprise block I/O, read requests (FAST '08)
        MSR Cambridge trace: 418343 records (120058 reads, 298285 writes) expanded to 2000000 block accesses from reads over 818034 distinct 512-byte blocks
        cache 20000 entries, 2.4% of the 818034 distinct keys
    trace_evidence_test.go:196: 
        | Subject | Hit rate, median [min-max] |
        | --- | --- |
        | 2Q | 17.01% |
        | ARC | 16.65% |
        | W-TinyLFU | 16.23% [15.69-16.59] |
        | S3-FIFO | 15.84% |
        | adaptive, 50 epochs (every 40000 requests) | 15.70% [14.23-16.21] |
        | adaptive, 10 epochs (every 200000 requests) | 15.44% [14.45-15.61] |
        | SIEVE | 15.19% |
        | LFU | 14.99% |
        | adaptive, 20 epochs (every 100000 requests) | 12.63% [12.12-14.58] |
        | Random | 12.62% [12.61-12.65] |
        | LRU | 11.40% |
        | TTL | 11.40% |
=== RUN   TestTraceEvidence/msr_prn_0
    trace_evidence_test.go:166: 
        msr_prn_0
        MSR Cambridge enterprise block I/O, read requests (FAST '08)
        MSR Cambridge trace: 96363 records (37302 reads, 59061 writes) expanded to 2000000 block accesses from reads over 1900653 distinct 512-byte blocks
        cache 20000 entries, 1.1% of the 1900653 distinct keys
    trace_evidence_test.go:196: 
        | Subject | Hit rate, median [min-max] |
        | --- | --- |
        | adaptive, 50 epochs (every 40000 requests) | 1.08% [1.02-1.08] |
        | LFU | 1.06% |
        | SIEVE | 1.06% |
        | 2Q | 1.04% |
        | ARC | 1.02% |
        | S3-FIFO | 1.01% |
        | LRU | 1.00% |
        | TTL | 1.00% |
        | Random | 0.95% [0.94-0.95] |
        | adaptive, 10 epochs (every 200000 requests) | 0.87% [0.84-0.87] |
        | W-TinyLFU | 0.74% [0.72-0.79] |
        | adaptive, 20 epochs (every 100000 requests) | 0.73% [0.70-0.87] |
=== RUN   TestTraceEvidence/msr_proj_0
    trace_evidence_test.go:166: 
        msr_proj_0
        MSR Cambridge enterprise block I/O, read requests (FAST '08)
        MSR Cambridge trace: 73170 records (43792 reads, 29378 writes) expanded to 2000000 block accesses from reads over 1748195 distinct 512-byte blocks
        cache 20000 entries, 1.1% of the 1748195 distinct keys
    trace_evidence_test.go:196: 
        | Subject | Hit rate, median [min-max] |
        | --- | --- |
        | S3-FIFO | 5.79% |
        | 2Q | 5.38% |
        | ARC | 5.38% |
        | adaptive, 50 epochs (every 40000 requests) | 5.36% [5.34-5.39] |
        | LRU | 5.35% |
        | TTL | 5.35% |
        | Random | 5.21% [5.20-5.21] |
        | adaptive, 10 epochs (every 200000 requests) | 5.14% [5.13-5.35] |
        | adaptive, 20 epochs (every 100000 requests) | 5.09% [5.08-5.10] |
        | LFU | 4.73% |
        | SIEVE | 4.73% |
        | W-TinyLFU | 4.27% [4.18-5.07] |
=== RUN   TestTraceEvidence/msr_src1_2
    trace_evidence_test.go:166: 
        msr_src1_2
        MSR Cambridge enterprise block I/O, read requests (FAST '08)
        MSR Cambridge trace: 52584 records (28999 reads, 23585 writes) expanded to 2000000 block accesses from reads over 1947636 distinct 512-byte blocks
        cache 20000 entries, 1.0% of the 1947636 distinct keys
    trace_evidence_test.go:196: 
        | Subject | Hit rate, median [min-max] |
        | --- | --- |
        | 2Q | 1.77% |
        | ARC | 1.73% |
        | LRU | 1.70% |
        | TTL | 1.70% |
        | adaptive, 10 epochs (every 200000 requests) | 1.70% |
        | adaptive, 20 epochs (every 100000 requests) | 1.70% |
        | S3-FIFO | 1.70% |
        | adaptive, 50 epochs (every 40000 requests) | 1.70% [1.46-1.70] |
        | Random | 1.63% [1.63-1.63] |
        | LFU | 1.42% |
        | SIEVE | 1.42% |
        | W-TinyLFU | 1.19% [1.16-1.21] |
=== RUN   TestTraceEvidence/msr_usr_0
    trace_evidence_test.go:166: 
        msr_usr_0
        MSR Cambridge enterprise block I/O, read requests (FAST '08)
        MSR Cambridge trace: 96189 records (40753 reads, 55436 writes) expanded to 2000000 block accesses from reads over 1778953 distinct 512-byte blocks
        cache 20000 entries, 1.1% of the 1778953 distinct keys
    trace_evidence_test.go:196: 
        | Subject | Hit rate, median [min-max] |
        | --- | --- |
        | adaptive, 50 epochs (every 40000 requests) | 3.64% [3.42-3.66] |
        | S3-FIFO | 3.58% |
        | 2Q | 3.57% |
        | LRU | 3.57% |
        | TTL | 3.57% |
        | ARC | 3.55% |
        | adaptive, 20 epochs (every 100000 requests) | 3.50% [3.50-3.52] |
        | Random | 3.49% [3.49-3.50] |
        | adaptive, 10 epochs (every 200000 requests) | 3.00% [3.00-3.57] |
        | W-TinyLFU | 2.22% [2.12-2.85] |
        | LFU | 1.46% |
        | SIEVE | 1.46% |
=== RUN   TestTraceEvidence/msr_web_0
    trace_evidence_test.go:166: 
        msr_web_0
        MSR Cambridge enterprise block I/O, read requests (FAST '08)
        MSR Cambridge trace: 71173 records (34449 reads, 36724 writes) expanded to 2000000 block accesses from reads over 1855956 distinct 512-byte blocks
        cache 20000 entries, 1.1% of the 1855956 distinct keys
    trace_evidence_test.go:196: 
        | Subject | Hit rate, median [min-max] |
        | --- | --- |
        | SIEVE | 2.61% |
        | LFU | 2.61% |
        | 2Q | 2.61% |
        | ARC | 2.60% |
        | Random | 2.56% [2.55-2.56] |
        | S3-FIFO | 2.49% |
        | adaptive, 50 epochs (every 40000 requests) | 2.44% [2.43-2.47] |
        | adaptive, 20 epochs (every 100000 requests) | 2.41% [2.40-2.41] |
        | adaptive, 10 epochs (every 200000 requests) | 2.35% [2.28-2.35] |
        | TTL | 2.30% |
        | LRU | 2.30% |
        | W-TinyLFU | 2.24% [2.23-2.29] |
=== NAME  TestTraceEvidence
    trace_evidence_test.go:205: 
        | Trace | Requests | Best fixed | Worst fixed | Adaptive, 10 epochs | Adaptive, 20 epochs | Adaptive, 50 epochs |
        | --- | --- | --- | --- | --- | --- | --- |
        | twitter_cluster052.csv | 1000000 | SIEVE 59.78% | LFU 41.44% | 58.69% [58.60-58.82] (-1.10) | 58.77% [58.74-58.78] (-1.01) | 58.18% [58.09-58.45] (-1.60) |
        | lirs_loop.trace | 505500 | W-TinyLFU 44.00% [40.67-45.34] | 2Q 0.00% | 39.59% [38.50-41.13] (-4.41) | 42.05% [41.21-42.48] (-1.95) | 42.48% [40.78-44.04] (-1.51) |
        | lirs_2_pools.trace | 100000 | W-TinyLFU 54.66% [54.65-54.82] | Random 50.04% [49.86-50.09] | 54.41% [54.40-54.43] (-0.26) | 54.39% [54.37-54.52] (-0.27) | 54.17% [53.99-54.22] (-0.50) |
        | arc_p3 | 2000000 | W-TinyLFU 11.86% [11.84-12.16] | LRU 1.87% | 12.20% [12.06-12.58] (+0.34) | 12.88% [12.41-13.16] (+1.01) | 12.19% [11.62-12.40] (+0.32) |
        | arc_oltp | 914145 | 2Q 68.25% | LFU 45.43% | 67.46% [67.37-67.54] (-0.79) | 67.10% [66.84-67.24] (-1.15) | 65.94% [65.85-66.42] (-2.32) |
        | meta_kvcache_202206_1 | 2000000 | S3-FIFO 69.05% | Random 65.19% [65.16-65.21] | 67.94% [67.71-68.45] (-1.11) | 67.60% [67.48-67.65] (-1.46) | 66.90% [66.75-67.05] (-2.15) |
        | msr_hm_0 | 2000000 | 2Q 17.01% | LRU 11.40% | 15.44% [14.45-15.61] (-1.57) | 12.63% [12.12-14.58] (-4.38) | 15.70% [14.23-16.21] (-1.30) |
        | msr_prn_0 | 2000000 | LFU 1.06% | W-TinyLFU 0.74% [0.72-0.79] | 0.87% [0.84-0.87] (-0.19) | 0.73% [0.70-0.87] (-0.33) | 1.08% [1.02-1.08] (+0.02) |
        | msr_proj_0 | 2000000 | S3-FIFO 5.79% | W-TinyLFU 4.27% [4.18-5.07] | 5.14% [5.13-5.35] (-0.65) | 5.09% [5.08-5.10] (-0.71) | 5.36% [5.34-5.39] (-0.43) |
        | msr_src1_2 | 2000000 | 2Q 1.77% | W-TinyLFU 1.19% [1.16-1.21] | 1.70% (-0.06) | 1.70% (-0.06) | 1.70% [1.46-1.70] (-0.06) |
        | msr_usr_0 | 2000000 | S3-FIFO 3.58% | LFU 1.46% | 3.00% [3.00-3.57] (-0.58) | 3.50% [3.50-3.52] (-0.08) | 3.64% [3.42-3.66] (+0.06) |
        | msr_web_0 | 2000000 | LFU 2.61% | W-TinyLFU 2.24% [2.23-2.29] | 2.35% [2.28-2.35] (-0.26) | 2.41% [2.40-2.41] (-0.20) | 2.44% [2.43-2.47] (-0.17) |
    trace_evidence_test.go:206: wrote /Users/sshaplygin/GithubProjects/as-cache/.reports/pr17-fixes/current-measurement/traces-3.json
--- PASS: TestTraceEvidence (462.43s)
    --- PASS: TestTraceEvidence/twitter_cluster052.csv (20.60s)
    --- PASS: TestTraceEvidence/lirs_loop.trace (10.41s)
    --- PASS: TestTraceEvidence/lirs_2_pools.trace (1.38s)
    --- PASS: TestTraceEvidence/arc_p3 (50.92s)
    --- PASS: TestTraceEvidence/arc_oltp (19.68s)
    --- PASS: TestTraceEvidence/meta_kvcache_202206_1 (31.99s)
    --- PASS: TestTraceEvidence/msr_hm_0 (52.24s)
    --- PASS: TestTraceEvidence/msr_prn_0 (55.10s)
    --- PASS: TestTraceEvidence/msr_proj_0 (52.63s)
    --- PASS: TestTraceEvidence/msr_src1_2 (54.37s)
    --- PASS: TestTraceEvidence/msr_usr_0 (55.14s)
    --- PASS: TestTraceEvidence/msr_web_0 (53.63s)
=== RUN   TestLoadMSRTraceExpandsEachRecordIntoItsBlocks
--- PASS: TestLoadMSRTraceExpandsEachRecordIntoItsBlocks (0.00s)
=== RUN   TestLoadMSRTraceNamespacesByHostAndDisk
--- PASS: TestLoadMSRTraceNamespacesByHostAndDisk (0.00s)
=== RUN   TestLoadMSRTraceSkipsWritesUnlessAsked
--- PASS: TestLoadMSRTraceSkipsWritesUnlessAsked (0.00s)
=== RUN   TestLoadMSRTraceHonoursBlockSizeAndLimit
--- PASS: TestLoadMSRTraceHonoursBlockSizeAndLimit (0.00s)
=== RUN   TestLoadMSRTraceToleratesHeadersAndTruncation
--- PASS: TestLoadMSRTraceToleratesHeadersAndTruncation (0.00s)
=== RUN   TestLoadMSRTraceRejectsAFileWithNoRecords
--- PASS: TestLoadMSRTraceRejectsAFileWithNoRecords (0.00s)
=== RUN   TestLoadMetaKVTraceExpandsOpCount
--- PASS: TestLoadMetaKVTraceExpandsOpCount (0.00s)
=== RUN   TestLoadMetaKVTraceReadsThe2024Layout
--- PASS: TestLoadMetaKVTraceReadsThe2024Layout (0.00s)
=== RUN   TestLoadMetaKVTraceIncludesWritesOnRequest
--- PASS: TestLoadMetaKVTraceIncludesWritesOnRequest (0.00s)
=== RUN   TestLoadMetaKVTraceHonoursTheLimitInsideARow
--- PASS: TestLoadMetaKVTraceHonoursTheLimitInsideARow (0.00s)
=== RUN   TestLoadMetaKVTraceToleratesATruncatedTail
--- PASS: TestLoadMetaKVTraceToleratesATruncatedTail (0.00s)
=== RUN   TestLoadMetaKVTraceRejectsAnUnrecognisedHeader
--- PASS: TestLoadMetaKVTraceRejectsAnUnrecognisedHeader (0.00s)
=== RUN   TestEveryArmDrivesAnAdaptiveCache
--- PASS: TestEveryArmDrivesAnAdaptiveCache (0.01s)
=== RUN   TestLoadMSRTraceCoversEveryBlockAByteRangeTouches
--- PASS: TestLoadMSRTraceCoversEveryBlockAByteRangeTouches (0.00s)
=== RUN   TestLoadMSRTraceSeesReuseBetweenOverlappingRequests
--- PASS: TestLoadMSRTraceSeesReuseBetweenOverlappingRequests (0.00s)
=== RUN   TestLoadMSRTraceCapsOneRecordsExpansion
--- PASS: TestLoadMSRTraceCapsOneRecordsExpansion (0.01s)
=== RUN   TestLoadMSRTraceRequiresEveryColumn
=== RUN   TestLoadMSRTraceRequiresEveryColumn/cut_inside_size
=== RUN   TestLoadMSRTraceRequiresEveryColumn/cut_inside_type
=== RUN   TestLoadMSRTraceRequiresEveryColumn/cut_inside_time
--- PASS: TestLoadMSRTraceRequiresEveryColumn (0.00s)
    --- PASS: TestLoadMSRTraceRequiresEveryColumn/cut_inside_size (0.00s)
    --- PASS: TestLoadMSRTraceRequiresEveryColumn/cut_inside_type (0.00s)
    --- PASS: TestLoadMSRTraceRequiresEveryColumn/cut_inside_time (0.00s)
=== RUN   TestLoadMSRTraceCountsOnlyRecognisedTypes
--- PASS: TestLoadMSRTraceCountsOnlyRecognisedTypes (0.00s)
=== RUN   TestLoadMetaKVTraceRequiresOpCount
--- PASS: TestLoadMetaKVTraceRequiresOpCount (0.00s)
=== RUN   TestLoadMetaKVTraceSkipsRowsWithAnUnreadableOpCount
--- PASS: TestLoadMetaKVTraceSkipsRowsWithAnUnreadableOpCount (0.00s)
=== RUN   TestLoadersReturnWhatTheyReadFromATruncatedGzip
=== RUN   TestLoadersReturnWhatTheyReadFromATruncatedGzip/msr
=== RUN   TestLoadersReturnWhatTheyReadFromATruncatedGzip/meta
--- PASS: TestLoadersReturnWhatTheyReadFromATruncatedGzip (0.00s)
    --- PASS: TestLoadersReturnWhatTheyReadFromATruncatedGzip/msr (0.00s)
    --- PASS: TestLoadersReturnWhatTheyReadFromATruncatedGzip/meta (0.00s)
=== RUN   TestTraceLoaders
=== RUN   TestTraceLoaders/lirs_loop.trace.gz
=== RUN   TestTraceLoaders/lirs_2_pools.trace.gz
=== RUN   TestTraceLoaders/meta_kvcache_202206_1.csv
=== RUN   TestTraceLoaders/meta_kvcache_expansion
    trace_test.go:216: 1160580 rows (942355 reads, 218225 writes) -> 2000000 requests over 340723 distinct keys
=== RUN   TestTraceLoaders/arc_p3_expansion
--- PASS: TestTraceLoaders (3.19s)
    --- PASS: TestTraceLoaders/lirs_loop.trace.gz (0.06s)
    --- PASS: TestTraceLoaders/lirs_2_pools.trace.gz (0.01s)
    --- PASS: TestTraceLoaders/meta_kvcache_202206_1.csv (2.45s)
    --- PASS: TestTraceLoaders/meta_kvcache_expansion (0.37s)
    --- PASS: TestTraceLoaders/arc_p3_expansion (0.30s)
=== RUN   TestAdaptiveTuning
    tuning_test.go:68: arc_p3 10 epochs cold gates=false: 12.20% [11.86-12.39]
    tuning_test.go:68: arc_p3 10 epochs cold gates=true: 7.68% [7.55-7.81]
    tuning_test.go:68: arc_p3 10 epochs warm gates=false: 12.47% [12.03-12.74]
    tuning_test.go:68: arc_p3 10 epochs warm gates=true: 7.90% [7.68-7.99]
    tuning_test.go:68: arc_p3 20 epochs cold gates=false: 11.29% [11.13-13.58]
    tuning_test.go:68: arc_p3 20 epochs cold gates=true: 10.20% [9.92-10.36]
    tuning_test.go:68: arc_p3 20 epochs warm gates=false: 12.90% [12.84-13.07]
    tuning_test.go:68: arc_p3 20 epochs warm gates=true: 9.35% [9.04-10.07]
    tuning_test.go:68: arc_p3 50 epochs cold gates=false: 11.88% [8.49-12.16]
    tuning_test.go:68: arc_p3 50 epochs cold gates=true: 10.54% [8.33-12.10]
    tuning_test.go:68: arc_p3 50 epochs warm gates=false: 12.35% [8.39-12.45]
    tuning_test.go:68: arc_p3 50 epochs warm gates=true: 10.91% [10.69-12.61]
--- PASS: TestAdaptiveTuning (99.25s)
=== RUN   TestSwitchWarmupCost
    warmup_test.go:120: 
        hit rate after a switch from LRU to LFU at request 100000 (zipf, 200000 requests, cache 500)
        | Configuration | 0-1000 | 1000-5000 | 5000-20000 | 20000-100000 |
        | --- | --- | --- | --- | --- |
        | LFU all along (no warm-up) | 77.00% | 74.28% | 74.59% | 73.90% |
        | LRU, never switched | 70.50% | 67.90% | 67.58% | 66.82% |
        | cold | 59.50% | 69.45% | 72.93% | 73.52% |
        | warm | 70.50% | 70.03% | 72.91% | 73.55% |
        | gradual | 70.40% | 70.12% | 72.88% | 73.52% |
        | gradual, capped at 10 Gets | 59.90% | 69.47% | 72.93% | 73.52% |
        | gradual, capped at 100 Gets | 63.90% | 69.58% | 72.99% | 73.53% |
        | gradual, capped at 1000 Gets | 70.40% | 70.12% | 72.88% | 73.52% |
--- PASS: TestSwitchWarmupCost (0.67s)
PASS
ok  	github.com/sshaplygin/as-cache/bench	631.963s
