libCacheSim 1d7415569978330ea95c9cff06a260630406f7e3, LRU, object sizes ignored
  twitter_cluster052.csv       2500   1000000 requests  miss 0.5201
  twitter_cluster052.csv       5000   1000000 requests  miss 0.4659
  twitter_cluster052.csv      10000   1000000 requests  miss 0.4161
  twitter_cluster052.csv      20000   1000000 requests  miss 0.3710
  twitter_cluster052.csv      40000   1000000 requests  miss 0.3274
  lirs_loop.trace.gz            125    505500 requests  miss 1.0000
  lirs_loop.trace.gz            250    505500 requests  miss 1.0000
  lirs_loop.trace.gz            500    505500 requests  miss 1.0000
  lirs_loop.trace.gz           1000    505500 requests  miss 1.0000
  lirs_loop.trace.gz           2000    505500 requests  miss 0.0020
  lirs_2_pools.trace.gz         250    100000 requests  miss 0.5829
  lirs_2_pools.trace.gz         500    100000 requests  miss 0.4894
  lirs_2_pools.trace.gz        1000    100000 requests  miss 0.4558
  lirs_2_pools.trace.gz        2000    100000 requests  miss 0.4067
  lirs_2_pools.trace.gz        4000    100000 requests  miss 0.3148
  arc_p3.gz                    5000   2000000 requests  miss 0.9895
  arc_p3.gz                   10000   2000000 requests  miss 0.9875
  arc_p3.gz                   20000   2000000 requests  miss 0.9813
  arc_p3.gz                   40000   2000000 requests  miss 0.9534
  arc_p3.gz                   80000   2000000 requests  miss 0.7660
  arc_oltp.gz                  5000    914145 requests  miss 0.4635
  arc_oltp.gz                 10000    914145 requests  miss 0.3930
  arc_oltp.gz                 20000    914145 requests  miss 0.3294
  arc_oltp.gz                 40000    914145 requests  miss 0.2763
  arc_oltp.gz                 80000    914145 requests  miss 0.2251
  meta_kvcache_202206_1.csv    2500   2000000 requests  miss 0.3932
  meta_kvcache_202206_1.csv    5000   2000000 requests  miss 0.3667
  meta_kvcache_202206_1.csv   10000   2000000 requests  miss 0.3361
  meta_kvcache_202206_1.csv   20000   2000000 requests  miss 0.2980
  meta_kvcache_202206_1.csv   40000   2000000 requests  miss 0.2542
  msr_hm_0.csv.gz              5000   2000000 requests  miss 0.9156
  msr_hm_0.csv.gz             10000   2000000 requests  miss 0.9045
  msr_hm_0.csv.gz             20000   2000000 requests  miss 0.8860
  msr_hm_0.csv.gz             40000   2000000 requests  miss 0.8112
  msr_hm_0.csv.gz             80000   2000000 requests  miss 0.6617
  msr_prn_0.csv.gz             5000   2000000 requests  miss 0.9913
  msr_prn_0.csv.gz            10000   2000000 requests  miss 0.9908
  msr_prn_0.csv.gz            20000   2000000 requests  miss 0.9900
  msr_prn_0.csv.gz            40000   2000000 requests  miss 0.9877
  msr_prn_0.csv.gz            80000   2000000 requests  miss 0.9858
  msr_proj_0.csv.gz            5000   2000000 requests  miss 0.9573
  msr_proj_0.csv.gz           10000   2000000 requests  miss 0.9522
  msr_proj_0.csv.gz           20000   2000000 requests  miss 0.9465
  msr_proj_0.csv.gz           40000   2000000 requests  miss 0.9394
  msr_proj_0.csv.gz           80000   2000000 requests  miss 0.9279
  msr_src1_2.csv.gz            5000   2000000 requests  miss 0.9831
  msr_src1_2.csv.gz           10000   2000000 requests  miss 0.9830
  msr_src1_2.csv.gz           20000   2000000 requests  miss 0.9830
  msr_src1_2.csv.gz           40000   2000000 requests  miss 0.9827
  msr_src1_2.csv.gz           80000   2000000 requests  miss 0.9822
  msr_usr_0.csv.gz             5000   2000000 requests  miss 0.9703
  msr_usr_0.csv.gz            10000   2000000 requests  miss 0.9681
  msr_usr_0.csv.gz            20000   2000000 requests  miss 0.9643
  msr_usr_0.csv.gz            40000   2000000 requests  miss 0.9552
  msr_usr_0.csv.gz            80000   2000000 requests  miss 0.9460
  msr_web_0.csv.gz             5000   2000000 requests  miss 0.9798
  msr_web_0.csv.gz            10000   2000000 requests  miss 0.9787
  msr_web_0.csv.gz            20000   2000000 requests  miss 0.9770
  msr_web_0.csv.gz            40000   2000000 requests  miss 0.9694
  msr_web_0.csv.gz            80000   2000000 requests  miss 0.9438

Replaying the same traces through the Go loaders and LRU
    reference_test.go:90: twitter_cluster052.csv       2500  requests 1000000/1000000  miss 0.5201/0.5201  |d| 0.003 pts
    reference_test.go:90: twitter_cluster052.csv       5000  requests 1000000/1000000  miss 0.4659/0.4659  |d| 0.003 pts
    reference_test.go:90: twitter_cluster052.csv      10000  requests 1000000/1000000  miss 0.4161/0.4161  |d| 0.001 pts
    reference_test.go:90: twitter_cluster052.csv      20000  requests 1000000/1000000  miss 0.3710/0.3710  |d| 0.003 pts
    reference_test.go:90: twitter_cluster052.csv      40000  requests 1000000/1000000  miss 0.3274/0.3274  |d| 0.001 pts
    reference_test.go:90: lirs_loop.trace.gz            125  requests 505500/505500  miss 1.0000/1.0000  |d| 0.000 pts
    reference_test.go:90: lirs_loop.trace.gz            250  requests 505500/505500  miss 1.0000/1.0000  |d| 0.000 pts
    reference_test.go:90: lirs_loop.trace.gz            500  requests 505500/505500  miss 1.0000/1.0000  |d| 0.000 pts
    reference_test.go:90: lirs_loop.trace.gz           1000  requests 505500/505500  miss 1.0000/1.0000  |d| 0.000 pts
    reference_test.go:90: lirs_loop.trace.gz           2000  requests 505500/505500  miss 0.0020/0.0020  |d| 0.000 pts
    reference_test.go:90: lirs_2_pools.trace.gz         250  requests 100000/100000  miss 0.5829/0.5829  |d| 0.001 pts
    reference_test.go:90: lirs_2_pools.trace.gz         500  requests 100000/100000  miss 0.4894/0.4894  |d| 0.002 pts
    reference_test.go:90: lirs_2_pools.trace.gz        1000  requests 100000/100000  miss 0.4558/0.4558  |d| 0.005 pts
    reference_test.go:90: lirs_2_pools.trace.gz        2000  requests 100000/100000  miss 0.4067/0.4067  |d| 0.004 pts
    reference_test.go:90: lirs_2_pools.trace.gz        4000  requests 100000/100000  miss 0.3148/0.3148  |d| 0.001 pts
    reference_test.go:90: arc_p3.gz                    5000  requests 2000000/2000000  miss 0.9895/0.9895  |d| 0.002 pts
    reference_test.go:90: arc_p3.gz                   10000  requests 2000000/2000000  miss 0.9875/0.9875  |d| 0.002 pts
    reference_test.go:90: arc_p3.gz                   20000  requests 2000000/2000000  miss 0.9813/0.9813  |d| 0.002 pts
    reference_test.go:90: arc_p3.gz                   40000  requests 2000000/2000000  miss 0.9534/0.9534  |d| 0.001 pts
    reference_test.go:90: arc_p3.gz                   80000  requests 2000000/2000000  miss 0.7660/0.7660  |d| 0.002 pts
    reference_test.go:90: arc_oltp.gz                  5000  requests 914145/914145  miss 0.4635/0.4635  |d| 0.000 pts
    reference_test.go:90: arc_oltp.gz                 10000  requests 914145/914145  miss 0.3930/0.3930  |d| 0.002 pts
    reference_test.go:90: arc_oltp.gz                 20000  requests 914145/914145  miss 0.3294/0.3294  |d| 0.001 pts
    reference_test.go:90: arc_oltp.gz                 40000  requests 914145/914145  miss 0.2763/0.2763  |d| 0.001 pts
    reference_test.go:90: arc_oltp.gz                 80000  requests 914145/914145  miss 0.2251/0.2251  |d| 0.004 pts
    reference_test.go:90: meta_kvcache_202206_1.csv    2500  requests 2000000/2000000  miss 0.3932/0.3932  |d| 0.003 pts
    reference_test.go:90: meta_kvcache_202206_1.csv    5000  requests 2000000/2000000  miss 0.3667/0.3667  |d| 0.004 pts
    reference_test.go:90: meta_kvcache_202206_1.csv   10000  requests 2000000/2000000  miss 0.3361/0.3361  |d| 0.001 pts
    reference_test.go:90: meta_kvcache_202206_1.csv   20000  requests 2000000/2000000  miss 0.2980/0.2980  |d| 0.002 pts
    reference_test.go:90: meta_kvcache_202206_1.csv   40000  requests 2000000/2000000  miss 0.2542/0.2542  |d| 0.000 pts
    reference_test.go:90: msr_hm_0.csv.gz              5000  requests 2000000/2000000  miss 0.9156/0.9156  |d| 0.001 pts
    reference_test.go:90: msr_hm_0.csv.gz             10000  requests 2000000/2000000  miss 0.9045/0.9045  |d| 0.002 pts
    reference_test.go:90: msr_hm_0.csv.gz             20000  requests 2000000/2000000  miss 0.8860/0.8860  |d| 0.003 pts
    reference_test.go:90: msr_hm_0.csv.gz             40000  requests 2000000/2000000  miss 0.8112/0.8112  |d| 0.004 pts
    reference_test.go:90: msr_hm_0.csv.gz             80000  requests 2000000/2000000  miss 0.6617/0.6617  |d| 0.003 pts
    reference_test.go:90: msr_prn_0.csv.gz             5000  requests 2000000/2000000  miss 0.9913/0.9913  |d| 0.000 pts
    reference_test.go:90: msr_prn_0.csv.gz            10000  requests 2000000/2000000  miss 0.9908/0.9908  |d| 0.004 pts
    reference_test.go:90: msr_prn_0.csv.gz            20000  requests 2000000/2000000  miss 0.9900/0.9900  |d| 0.004 pts
    reference_test.go:90: msr_prn_0.csv.gz            40000  requests 2000000/2000000  miss 0.9877/0.9877  |d| 0.003 pts
    reference_test.go:90: msr_prn_0.csv.gz            80000  requests 2000000/2000000  miss 0.9858/0.9858  |d| 0.005 pts
    reference_test.go:90: msr_proj_0.csv.gz            5000  requests 2000000/2000000  miss 0.9573/0.9573  |d| 0.005 pts
    reference_test.go:90: msr_proj_0.csv.gz           10000  requests 2000000/2000000  miss 0.9522/0.9522  |d| 0.001 pts
    reference_test.go:90: msr_proj_0.csv.gz           20000  requests 2000000/2000000  miss 0.9465/0.9465  |d| 0.001 pts
    reference_test.go:90: msr_proj_0.csv.gz           40000  requests 2000000/2000000  miss 0.9394/0.9394  |d| 0.003 pts
    reference_test.go:90: msr_proj_0.csv.gz           80000  requests 2000000/2000000  miss 0.9279/0.9279  |d| 0.002 pts
    reference_test.go:90: msr_src1_2.csv.gz            5000  requests 2000000/2000000  miss 0.9831/0.9831  |d| 0.003 pts
    reference_test.go:90: msr_src1_2.csv.gz           10000  requests 2000000/2000000  miss 0.9830/0.9830  |d| 0.002 pts
    reference_test.go:90: msr_src1_2.csv.gz           20000  requests 2000000/2000000  miss 0.9830/0.9830  |d| 0.002 pts
    reference_test.go:90: msr_src1_2.csv.gz           40000  requests 2000000/2000000  miss 0.9827/0.9827  |d| 0.002 pts
    reference_test.go:90: msr_src1_2.csv.gz           80000  requests 2000000/2000000  miss 0.9822/0.9822  |d| 0.002 pts
    reference_test.go:90: msr_usr_0.csv.gz             5000  requests 2000000/2000000  miss 0.9703/0.9703  |d| 0.003 pts
    reference_test.go:90: msr_usr_0.csv.gz            10000  requests 2000000/2000000  miss 0.9681/0.9681  |d| 0.003 pts
    reference_test.go:90: msr_usr_0.csv.gz            20000  requests 2000000/2000000  miss 0.9643/0.9643  |d| 0.002 pts
    reference_test.go:90: msr_usr_0.csv.gz            40000  requests 2000000/2000000  miss 0.9552/0.9552  |d| 0.004 pts
    reference_test.go:90: msr_usr_0.csv.gz            80000  requests 2000000/2000000  miss 0.9460/0.9460  |d| 0.003 pts
    reference_test.go:90: msr_web_0.csv.gz             5000  requests 2000000/2000000  miss 0.9798/0.9798  |d| 0.000 pts
    reference_test.go:90: msr_web_0.csv.gz            10000  requests 2000000/2000000  miss 0.9787/0.9787  |d| 0.004 pts
    reference_test.go:90: msr_web_0.csv.gz            20000  requests 2000000/2000000  miss 0.9770/0.9770  |d| 0.001 pts
    reference_test.go:90: msr_web_0.csv.gz            40000  requests 2000000/2000000  miss 0.9694/0.9694  |d| 0.002 pts
    reference_test.go:90: msr_web_0.csv.gz            80000  requests 2000000/2000000  miss 0.9438/0.9438  |d| 0.002 pts

Reference gate passed: 60 points, libCacheSim 1d7415569978330ea95c9cff06a260630406f7e3.
