( cd bench && go test -count=1 -timeout 45m -v ./... )
=== RUN   TestAgainstOtherLibraries
=== RUN   TestAgainstOtherLibraries/zipf
    competitor_test.go:74: 
        zipf (200000 requests, cache 500)
        skewed popularity; favours frequency-aware policies (LFU, W-TinyLFU)
        | Policy | Hit rate | ns/op |
        | --- | --- | --- |
        | theine | 73.66% | 336 |
        | otter v2 | 72.51% | 547 |
        | ristretto | 69.52% | 174 |
        | as-cache (adaptive) | 68.01% | 3456 |
        | sturdyc | 62.02% | 311 |
=== RUN   TestAgainstOtherLibraries/uniform
    competitor_test.go:74: 
        uniform (200000 requests, cache 500)
        no reuse structure; random eviction is competitive
        | Policy | Hit rate | ns/op |
        | --- | --- | --- |
        | theine | 10.57% | 560 |
        | otter v2 | 10.05% | 1387 |
        | as-cache (adaptive) | 9.98% | 5912 |
        | ristretto | 9.90% | 292 |
        | sturdyc | 9.51% | 651 |
=== RUN   TestAgainstOtherLibraries/loop
    competitor_test.go:74: 
        loop (200000 requests, cache 500)
        cyclic scan just over capacity; pathological for LRU, fine for random
        | Policy | Hit rate | ns/op |
        | --- | --- | --- |
        | ristretto | 89.05% | 134 |
        | theine | 88.74% | 239 |
        | as-cache (adaptive) | 86.53% | 2445 |
        | otter v2 | 86.50% | 304 |
        | sturdyc | 45.10% | 394 |
=== RUN   TestAgainstOtherLibraries/scan
    competitor_test.go:74: 
        scan (200000 requests, cache 500)
        hot set plus repeated one-off sweeps; favours scan-resistant policies (2Q, ARC, W-TinyLFU)
        | Policy | Hit rate | ns/op |
        | --- | --- | --- |
        | theine | 39.87% | 397 |
        | otter v2 | 39.86% | 916 |
        | as-cache (adaptive) | 39.44% | 3884 |
        | ristretto | 39.37% | 178 |
        | sturdyc | 30.01% | 488 |
=== RUN   TestAgainstOtherLibraries/phase-shift
    competitor_test.go:74: 
        phase-shift (200000 requests, cache 500)
        alternating zipf and loop phases; no fixed policy is good in both
        | Policy | Hit rate | ns/op |
        | --- | --- | --- |
        | theine | 80.06% | 306 |
        | otter v2 | 77.77% | 478 |
        | ristretto | 74.42% | 205 |
        | as-cache (adaptive) | 71.93% | 3364 |
        | sturdyc | 52.57% | 353 |
--- PASS: TestAgainstOtherLibraries (5.62s)
    --- PASS: TestAgainstOtherLibraries/zipf (0.97s)
    --- PASS: TestAgainstOtherLibraries/uniform (1.76s)
    --- PASS: TestAgainstOtherLibraries/loop (0.71s)
    --- PASS: TestAgainstOtherLibraries/scan (1.17s)
    --- PASS: TestAgainstOtherLibraries/phase-shift (0.94s)
=== RUN   TestRistrettoSetIsLossy
    competitor_test.go:123: ristretto retained 0/50 keys written into a cache of 500
--- PASS: TestRistrettoSetIsLossy (0.00s)
=== RUN   TestCompetitorCapacityHonesty
=== RUN   TestCompetitorCapacityHonesty/otter_v2
    competitor_test.go:173: otter v2 asked for 500, holds 500 (1.0x)
=== RUN   TestCompetitorCapacityHonesty/theine
    competitor_test.go:173: theine asked for 500, holds 544 (1.1x)
=== RUN   TestCompetitorCapacityHonesty/ristretto
    competitor_test.go:173: ristretto asked for 500, holds 533 (1.1x)
=== RUN   TestCompetitorCapacityHonesty/sturdyc
    competitor_test.go:173: sturdyc asked for 500, holds 476 (1.0x)
--- PASS: TestCompetitorCapacityHonesty (0.01s)
    --- PASS: TestCompetitorCapacityHonesty/otter_v2 (0.01s)
    --- PASS: TestCompetitorCapacityHonesty/theine (0.00s)
    --- PASS: TestCompetitorCapacityHonesty/ristretto (0.00s)
    --- PASS: TestCompetitorCapacityHonesty/sturdyc (0.00s)
=== RUN   TestFixedPolicyEvidence
=== RUN   TestFixedPolicyEvidence/zipf
    evidence_test.go:74: 
        zipf (200000 requests, cache 500)
        skewed popularity; favours frequency-aware policies (LFU, W-TinyLFU)
        | Policy | Hit rate | ns/op |
        | --- | --- | --- |
        | SIEVE | 73.58% | 133 |
        | S3-FIFO | 73.49% | 263 |
        | LFU | 73.47% | 482 |
        | ARC | 73.16% | 201 |
        | W-TinyLFU | 73.03% | 190 |
        | 2Q | 72.02% | 151 |
        | LRU | 66.91% | 70 |
        | TTL | 66.91% | 155 |
        | Random | 62.64% | 97 |
=== RUN   TestFixedPolicyEvidence/uniform
    evidence_test.go:74: 
        uniform (200000 requests, cache 500)
        no reuse structure; random eviction is competitive
        | Policy | Hit rate | ns/op |
        | --- | --- | --- |
        | W-TinyLFU | 11.59% | 418 |
        | ARC | 10.03% | 552 |
        | LFU | 10.02% | 413 |
        | Random | 10.00% | 186 |
        | LRU | 9.99% | 142 |
        | TTL | 9.99% | 236 |
        | 2Q | 9.99% | 345 |
        | S3-FIFO | 9.99% | 640 |
        | SIEVE | 9.98% | 374 |
=== RUN   TestFixedPolicyEvidence/loop
    evidence_test.go:74: 
        loop (200000 requests, cache 500)
        cyclic scan just over capacity; pathological for LRU, fine for random
        | Policy | Hit rate | ns/op |
        | --- | --- | --- |
        | W-TinyLFU | 88.29% | 127 |
        | Random | 82.13% | 45 |
        | S3-FIFO | 79.67% | 213 |
        | 2Q | 68.60% | 123 |
        | ARC | 0.12% | 324 |
        | LRU | 0.00% | 96 |
        | LFU | 0.00% | 143 |
        | TTL | 0.00% | 210 |
        | SIEVE | 0.00% | 326 |
=== RUN   TestFixedPolicyEvidence/scan
    evidence_test.go:74: 
        scan (200000 requests, cache 500)
        hot set plus repeated one-off sweeps; favours scan-resistant policies (2Q, ARC, W-TinyLFU)
        | Policy | Hit rate | ns/op |
        | --- | --- | --- |
        | LFU | 39.95% | 130 |
        | 2Q | 39.95% | 251 |
        | ARC | 39.95% | 251 |
        | S3-FIFO | 39.95% | 380 |
        | SIEVE | 39.95% | 253 |
        | W-TinyLFU | 39.86% | 316 |
        | Random | 32.01% | 142 |
        | LRU | 30.00% | 95 |
        | TTL | 30.00% | 202 |
=== RUN   TestFixedPolicyEvidence/phase-shift
    evidence_test.go:74: 
        phase-shift (200000 requests, cache 500)
        alternating zipf and loop phases; no fixed policy is good in both
        | Policy | Hit rate | ns/op |
        | --- | --- | --- |
        | W-TinyLFU | 81.62% | 179 |
        | S3-FIFO | 71.59% | 271 |
        | SIEVE | 69.74% | 160 |
        | LFU | 69.66% | 266 |
        | Random | 68.43% | 86 |
        | 2Q | 61.48% | 183 |
        | ARC | 39.92% | 278 |
        | LRU | 34.50% | 99 |
        | TTL | 34.50% | 198 |
--- PASS: TestFixedPolicyEvidence (2.14s)
    --- PASS: TestFixedPolicyEvidence/zipf (0.35s)
    --- PASS: TestFixedPolicyEvidence/uniform (0.66s)
    --- PASS: TestFixedPolicyEvidence/loop (0.32s)
    --- PASS: TestFixedPolicyEvidence/scan (0.40s)
    --- PASS: TestFixedPolicyEvidence/phase-shift (0.34s)
=== RUN   TestAdaptiveVersusFixed
=== RUN   TestAdaptiveVersusFixed/zipf
    evidence_test.go:144: 
        zipf vs fixed policies
        | Policy | Hit rate | ns/op |
        | --- | --- | --- |
        | SIEVE | 73.58% | 139 |
        | S3-FIFO | 73.49% | 257 |
        | LFU | 73.47% | 485 |
        | W-TinyLFU | 73.42% | 233 |
        | ARC | 73.16% | 189 |
        | 2Q | 72.02% | 141 |
        | LRU | 66.91% | 87 |
        | TTL | 66.91% | 151 |
        | adaptive | 65.74% | 4390 |
        | Random | 62.59% | 101 |
=== RUN   TestAdaptiveVersusFixed/uniform
    evidence_test.go:144: 
        uniform vs fixed policies
        | Policy | Hit rate | ns/op |
        | --- | --- | --- |
        | W-TinyLFU | 18.27% | 452 |
        | adaptive | 10.21% | 8291 |
        | ARC | 10.03% | 475 |
        | LFU | 10.02% | 410 |
        | LRU | 9.99% | 156 |
        | TTL | 9.99% | 238 |
        | 2Q | 9.99% | 385 |
        | S3-FIFO | 9.99% | 610 |
        | Random | 9.98% | 194 |
        | SIEVE | 9.98% | 418 |
=== RUN   TestAdaptiveVersusFixed/loop
    evidence_test.go:144: 
        loop vs fixed policies
        | Policy | Hit rate | ns/op |
        | --- | --- | --- |
        | W-TinyLFU | 97.32% | 69 |
        | adaptive | 86.26% | 3695 |
        | Random | 82.17% | 46 |
        | S3-FIFO | 79.67% | 217 |
        | 2Q | 68.60% | 128 |
        | ARC | 0.12% | 359 |
        | LRU | 0.00% | 217 |
        | LFU | 0.00% | 193 |
        | TTL | 0.00% | 257 |
        | SIEVE | 0.00% | 351 |
=== RUN   TestAdaptiveVersusFixed/scan
    evidence_test.go:144: 
        scan vs fixed policies
        | Policy | Hit rate | ns/op |
        | --- | --- | --- |
        | LFU | 39.95% | 122 |
        | 2Q | 39.95% | 294 |
        | ARC | 39.95% | 307 |
        | S3-FIFO | 39.95% | 463 |
        | SIEVE | 39.95% | 266 |
        | W-TinyLFU | 39.79% | 352 |
        | adaptive | 34.09% | 6987 |
        | Random | 32.03% | 154 |
        | LRU | 30.00% | 137 |
        | TTL | 30.00% | 197 |
=== RUN   TestAdaptiveVersusFixed/phase-shift
    evidence_test.go:144: 
        phase-shift vs fixed policies
        | Policy | Hit rate | ns/op |
        | --- | --- | --- |
        | W-TinyLFU | 84.64% | 134 |
        | adaptive | 73.42% | 4536 |
        | S3-FIFO | 71.59% | 308 |
        | SIEVE | 69.74% | 149 |
        | LFU | 69.66% | 308 |
        | Random | 68.35% | 86 |
        | 2Q | 61.48% | 182 |
        | ARC | 39.92% | 279 |
        | LRU | 34.50% | 99 |
        | TTL | 34.50% | 324 |
=== NAME  TestAdaptiveVersusFixed
    evidence_test.go:181: 
        | Workload | Adaptive | Best fixed | Worst fixed | Adaptive vs best |
        | --- | --- | --- | --- | --- |
        | zipf | 65.74% | SIEVE 73.58% | 62.59% | -7.84 pts |
        | uniform | 10.21% | W-TinyLFU 18.27% | 9.98% | -8.07 pts |
        | loop | 86.26% | W-TinyLFU 97.32% | 0.00% | -11.06 pts |
        | scan | 34.09% | LFU 39.95% | 30.00% | -5.86 pts |
        | phase-shift | 73.42% | W-TinyLFU 84.64% | 34.50% | -11.22 pts |
        
--- PASS: TestAdaptiveVersusFixed (7.87s)
    --- PASS: TestAdaptiveVersusFixed/zipf (1.23s)
    --- PASS: TestAdaptiveVersusFixed/uniform (2.33s)
    --- PASS: TestAdaptiveVersusFixed/loop (1.11s)
    --- PASS: TestAdaptiveVersusFixed/scan (1.86s)
    --- PASS: TestAdaptiveVersusFixed/phase-shift (1.28s)
=== RUN   TestSamplingPreservesPolicyRanking
=== RUN   TestSamplingPreservesPolicyRanking/zipf
    evidence_test.go:241: 
        zipf
          full-size shadows  ARC=81.63% TwoQueue=81.33% SIEVE=81.20% LFU=81.20% S3FIFO=81.13% TinyLFU=80.98% TTL=79.22% LRU=79.22% Random=76.65%
          -> picks ARC
    evidence_test.go:255:   rate 0.05          ARC=71.19% TwoQueue=70.77% TinyLFU=70.51% S3FIFO=70.47% SIEVE=70.36% LFU=70.36% LRU=67.45% TTL=67.26% Random=63.77%
          -> picks ARC, regret 0.00 pts
    evidence_test.go:255:   rate 0.10          ARC=70.67% TwoQueue=70.40% TinyLFU=70.21% LFU=70.06% SIEVE=70.06% S3FIFO=69.79% LRU=66.74% TTL=66.69% Random=61.85%
          -> picks ARC, regret 0.00 pts
    evidence_test.go:255:   rate 0.30          ARC=79.89% TinyLFU=79.59% TwoQueue=79.55% LFU=79.38% SIEVE=79.38% S3FIFO=79.36% LRU=77.38% TTL=77.25% Random=74.56%
          -> picks ARC, regret 0.00 pts
    evidence_test.go:255:   rate 0.50          ARC=78.72% TwoQueue=78.31% SIEVE=78.21% LFU=78.21% S3FIFO=78.11% TinyLFU=77.97% LRU=75.95% TTL=75.90% Random=73.01%
          -> picks ARC, regret 0.00 pts
=== RUN   TestSamplingPreservesPolicyRanking/scan
    evidence_test.go:241: 
        scan
          full-size shadows  LFU=28.33% ARC=28.33% SIEVE=28.33% TwoQueue=28.33% S3FIFO=28.33% TinyLFU=28.04% TTL=21.43% LRU=21.43% Random=18.85%
          -> picks LFU
    evidence_test.go:255:   rate 0.05          LFU=28.52% TwoQueue=28.52% ARC=28.52% SIEVE=28.52% S3FIFO=28.52% TinyLFU=28.50% LRU=21.57% TTL=21.57% Random=19.05%
          -> picks LFU, regret 0.00 pts
    evidence_test.go:255:   rate 0.10          SIEVE=28.93% S3FIFO=28.93% TwoQueue=28.93% ARC=28.93% LFU=28.93% TinyLFU=28.83% LRU=21.88% TTL=21.88% Random=19.14%
          -> picks TwoQueue, regret 0.00 pts
    evidence_test.go:255:   rate 0.30          SIEVE=28.08% S3FIFO=28.08% TwoQueue=28.08% ARC=28.08% LFU=28.08% TinyLFU=27.34% TTL=21.24% LRU=21.24% Random=18.73%
          -> picks SIEVE, regret 0.00 pts
    evidence_test.go:255:   rate 0.50          TwoQueue=28.41% SIEVE=28.41% LFU=28.41% ARC=28.41% S3FIFO=28.41% TinyLFU=28.24% TTL=21.49% LRU=21.49% Random=18.92%
          -> picks SIEVE, regret 0.00 pts
--- PASS: TestSamplingPreservesPolicyRanking (23.48s)
    --- PASS: TestSamplingPreservesPolicyRanking/zipf (2.43s)
    --- PASS: TestSamplingPreservesPolicyRanking/scan (20.95s)
=== RUN   TestSamplingPreservesClearOrderings
=== RUN   TestSamplingPreservesClearOrderings/loop
    evidence_test.go:332: rate 0.05: 8 clearly separated pairs, 0 inverted
    evidence_test.go:332: rate 0.10: 8 clearly separated pairs, 0 inverted
    evidence_test.go:332: rate 0.30: 8 clearly separated pairs, 0 inverted
    evidence_test.go:332: rate 0.50: 8 clearly separated pairs, 0 inverted
=== RUN   TestSamplingPreservesClearOrderings/scan
    evidence_test.go:332: rate 0.05: 8 clearly separated pairs, 0 inverted
    evidence_test.go:332: rate 0.10: 8 clearly separated pairs, 0 inverted
    evidence_test.go:332: rate 0.30: 8 clearly separated pairs, 0 inverted
    evidence_test.go:332: rate 0.50: 8 clearly separated pairs, 0 inverted
--- PASS: TestSamplingPreservesClearOrderings (31.55s)
    --- PASS: TestSamplingPreservesClearOrderings/loop (2.22s)
    --- PASS: TestSamplingPreservesClearOrderings/scan (29.25s)
=== RUN   TestMemoryMultiplier
    memory_test.go:117: 
        memory holding 50000 entries of 256-byte values, 8 policies
          single LRU               18.5 MiB   (1.00x)
          adaptive, no sampling    72.3 MiB   (3.92x)
          adaptive, sample 0.05    25.7 MiB   (1.39x)
    memory_test.go:143:   each shadow costs 7.7 MiB against a 18.5 MiB full cache (0.42x)
--- PASS: TestMemoryMultiplier (0.50s)
=== RUN   TestAllocationsPerOperation
    memory_test.go:183: 
        Get on a warm cache:
    memory_test.go:178:   single LRU                   52.0 ns/op       0 B/op     0 allocs/op
    memory_test.go:178:   adaptive, no sampling      1425.0 ns/op       5 B/op     0 allocs/op
    memory_test.go:178:   adaptive, sample 0.05        97.0 ns/op       0 B/op     0 allocs/op
--- PASS: TestAllocationsPerOperation (3.79s)
=== RUN   TestLRUMatchesReference
    reference_test.go:46: AS_CACHE_LRU_REFERENCE is not set; run ./scripts/verify-ref.sh
--- SKIP: TestLRUMatchesReference (0.00s)
=== RUN   TestShadowsMeasureWhatThePolicyWouldActuallyServe
=== RUN   TestShadowsMeasureWhatThePolicyWouldActuallyServe/loop
    shadow_fidelity_test.go:115: TinyLFU  standalone  98.43%  shadow  89.72%  (-8.71 pts)
    shadow_fidelity_test.go:115: Random   standalone  82.18%  shadow  82.16%  (-0.02 pts)
    shadow_fidelity_test.go:115: S3FIFO   standalone  79.73%  shadow  79.73%  (+0.00 pts)
    shadow_fidelity_test.go:115: TwoQueue standalone  68.68%  shadow  68.68%  (+0.00 pts)
    shadow_fidelity_test.go:115: ARC      standalone   0.10%  shadow   0.10%  (+0.00 pts)
    shadow_fidelity_test.go:115: LRU      standalone   0.00%  shadow   0.00%  (+0.00 pts)
    shadow_fidelity_test.go:115: LFU      standalone   0.00%  shadow   0.00%  (+0.00 pts)
    shadow_fidelity_test.go:115: TTL      standalone   0.00%  shadow   0.00%  (+0.00 pts)
    shadow_fidelity_test.go:115: SIEVE    standalone   0.00%  shadow   0.00%  (+0.00 pts)
=== RUN   TestShadowsMeasureWhatThePolicyWouldActuallyServe/zipf
    shadow_fidelity_test.go:115: SIEVE    standalone  73.58%  shadow  73.58%  (+0.00 pts)
    shadow_fidelity_test.go:115: S3FIFO   standalone  73.49%  shadow  73.49%  (+0.00 pts)
    shadow_fidelity_test.go:115: LFU      standalone  73.47%  shadow  73.47%  (+0.00 pts)
    shadow_fidelity_test.go:115: ARC      standalone  73.16%  shadow  73.16%  (+0.00 pts)
    shadow_fidelity_test.go:115: TinyLFU  standalone  75.20%  shadow  73.10%  (-2.09 pts)
    shadow_fidelity_test.go:115: TwoQueue standalone  72.02%  shadow  72.02%  (+0.00 pts)
    shadow_fidelity_test.go:115: LRU      standalone  66.91%  shadow  66.91%  (+0.00 pts)
    shadow_fidelity_test.go:115: TTL      standalone  66.91%  shadow  66.91%  (+0.00 pts)
    shadow_fidelity_test.go:115: Random   standalone  62.56%  shadow  62.55%  (-0.01 pts)
--- PASS: TestShadowsMeasureWhatThePolicyWouldActuallyServe (2.57s)
    --- PASS: TestShadowsMeasureWhatThePolicyWouldActuallyServe/loop (1.10s)
    --- PASS: TestShadowsMeasureWhatThePolicyWouldActuallyServe/zipf (1.44s)
=== RUN   TestActivePolicyTimeline
    timeline_test.go:154: 
        phase-shift timeline (240000 requests, cache 500, 12 phases)
        phase      Z---------------------------------------L---------------------------------------Z---------------------------------------L---------------------------------------Z---------------------------------------L---------------------------------------Z---------------------------------------L---------------------------------------Z---------------------------------------L---------------------------------------Z---------------------------------------L---------------------------------------   (Z = zipf phase, L = loop phase)
        LRU        #####                                                                                                                                                                                                                                                                                                                                                                                                                                                                                           
        TwoQueue        ##############                                                                                                                                                                                                                                                                                                                                                                                                                                                                             
        ARC                                                                                                                                                                                                                                                                                                                                                                            ####                                                                                                                        
        TinyLFU                                  ##################################################################################################################################################################################################################################################################################################################################        ########################################################################################################################
        S3FIFO                        ###########                                                                                                                                                                                                                                                                                                                                                                                                                                                                  
        SIEVE                                                                                                                                                                                                                                                                                                                                                                      ####                                                                                                                            
        
        share of time active: LRU 1%, TwoQueue 3%, ARC 1%, TinyLFU 92%, S3FIFO 2%, SIEVE 1%
        hit rate 78.93%
--- PASS: TestActivePolicyTimeline (0.26s)
=== RUN   TestTraceEvidence
=== RUN   TestTraceEvidence/twitter_cluster052.csv
    trace_evidence_test.go:150: 
        twitter_cluster052.csv
        Twitter Twemcache production KV cache (OSDI '20)
        real trace: 1000000 requests over 255333 distinct keys
        cache 10000 entries, 3.9% of the 255333 distinct keys
    trace_evidence_test.go:187: 
        | Subject | Hit rate, median [min-max] |
        | --- | --- |
        | SIEVE | 59.78% |
        | S3-FIFO | 59.73% |
        | 2Q | 59.62% |
        | ARC | 58.99% |
        | adaptive, 20 epochs (every 50000 requests) | 58.81% [58.66-59.13] |
        | adaptive, 10 epochs (every 100000 requests) | 58.60% [58.55-59.07] |
        | TTL | 58.39% |
        | LRU | 58.39% |
        | adaptive, 50 epochs (every 20000 requests) | 58.17% [58.09-58.32] |
        | W-TinyLFU | 56.35% [54.10-58.22] |
        | Random | 54.83% [54.81-54.85] |
        | LFU | 41.44% |
=== RUN   TestTraceEvidence/lirs_loop.trace
    trace_evidence_test.go:150: 
        lirs_loop.trace
        LIRS loop: cyclic scan, adversarial for LRU (SIGMETRICS '02)
        real trace: 505500 requests over 1011 distinct keys
        cache 500 entries, 49.5% of the 1011 distinct keys
    trace_evidence_test.go:187: 
        | Subject | Hit rate, median [min-max] |
        | --- | --- |
        | W-TinyLFU | 43.72% [30.36-50.05] |
        | adaptive, 20 epochs (every 25275 requests) | 43.19% [39.66-45.54] |
        | adaptive, 50 epochs (every 10110 requests) | 43.06% [39.02-47.98] |
        | adaptive, 10 epochs (every 50550 requests) | 38.70% [37.32-41.82] |
        | Random | 19.65% [19.59-19.76] |
        | TTL | 0.00% |
        | S3-FIFO | 0.00% |
        | SIEVE | 0.00% |
        | 2Q | 0.00% |
        | ARC | 0.00% |
        | LRU | 0.00% |
        | LFU | 0.00% |
=== RUN   TestTraceEvidence/lirs_2_pools.trace
    trace_evidence_test.go:150: 
        lirs_2_pools.trace
        LIRS 2_pools: two interleaved pools with different locality
        real trace: 100000 requests over 9939 distinct keys
        cache 1000 entries, 10.1% of the 9939 distinct keys
    trace_evidence_test.go:187: 
        | Subject | Hit rate, median [min-max] |
        | --- | --- |
        | W-TinyLFU | 54.67% [54.51-54.70] |
        | adaptive, 10 epochs (every 10000 requests) | 54.42% [54.37-54.42] |
        | LRU | 54.41% |
        | TTL | 54.41% |
        | adaptive, 20 epochs (every 5000 requests) | 54.41% [54.12-54.42] |
        | 2Q | 54.40% |
        | ARC | 54.37% |
        | S3-FIFO | 54.37% |
        | LFU | 54.36% |
        | SIEVE | 54.36% |
        | adaptive, 50 epochs (every 2000 requests) | 54.24% [54.11-54.28] |
        | Random | 49.93% [49.88-50.12] |
=== RUN   TestTraceEvidence/arc_p3
    trace_evidence_test.go:150: 
        arc_p3
        ARC paper P3 workstation trace (FAST '03)
        ARC trace: 138478 records expanded to 2000000 accesses over 426527 distinct blocks
        cache 20000 entries, 4.7% of the 426527 distinct keys
    trace_evidence_test.go:187: 
        | Subject | Hit rate, median [min-max] |
        | --- | --- |
        | adaptive, 20 epochs (every 100000 requests) | 12.77% [11.18-13.36] |
        | adaptive, 10 epochs (every 200000 requests) | 12.56% [12.06-12.78] |
        | adaptive, 50 epochs (every 40000 requests) | 12.40% [11.92-13.36] |
        | W-TinyLFU | 12.11% [11.28-12.39] |
        | S3-FIFO | 10.75% |
        | ARC | 10.25% |
        | 2Q | 7.74% |
        | SIEVE | 4.82% |
        | LFU | 4.82% |
        | Random | 3.08% [3.07-3.09] |
        | TTL | 1.87% |
        | LRU | 1.87% |
=== RUN   TestTraceEvidence/arc_oltp
    trace_evidence_test.go:150: 
        arc_oltp
        ARC paper OLTP database trace (FAST '03)
        ARC trace: 914145 records expanded to 914145 accesses over 186880 distinct blocks
        cache 20000 entries, 10.7% of the 186880 distinct keys
    trace_evidence_test.go:187: 
        | Subject | Hit rate, median [min-max] |
        | --- | --- |
        | 2Q | 68.25% |
        | ARC | 67.80% |
        | S3-FIFO | 67.79% |
        | SIEVE | 67.72% |
        | adaptive, 10 epochs (every 91414 requests) | 67.64% [67.37-67.75] |
        | TTL | 67.06% |
        | LRU | 67.06% |
        | adaptive, 20 epochs (every 45707 requests) | 66.92% [66.45-67.04] |
        | adaptive, 50 epochs (every 18282 requests) | 66.11% [65.94-66.25] |
        | Random | 63.02% [62.97-63.02] |
        | W-TinyLFU | 62.90% [62.61-63.08] |
        | LFU | 45.43% |
=== RUN   TestTraceEvidence/meta_kvcache_202206_1
    trace_evidence_test.go:150: 
        meta_kvcache_202206_1
        Meta production key-value cache, 500 hosts over 5 days (CacheBench kvcache/202206)
        Meta kvcache trace: 1160580 rows (942355 reads, 218225 writes) expanded by op_count to 2000000 reads over 340723 distinct keys
        cache 10000 entries, 2.9% of the 340723 distinct keys
    trace_evidence_test.go:187: 
        | Subject | Hit rate, median [min-max] |
        | --- | --- |
        | S3-FIFO | 69.05% |
        | SIEVE | 68.92% |
        | W-TinyLFU | 68.50% [68.42-68.78] |
        | ARC | 68.27% |
        | 2Q | 68.16% |
        | adaptive, 10 epochs (every 200000 requests) | 67.96% [67.83-68.11] |
        | adaptive, 20 epochs (every 100000 requests) | 67.53% [67.50-67.61] |
        | LFU | 66.87% |
        | adaptive, 50 epochs (every 40000 requests) | 66.81% [66.77-66.91] |
        | LRU | 66.39% |
        | TTL | 66.39% |
        | Random | 65.18% [65.17-65.20] |
=== RUN   TestTraceEvidence/msr_hm_0
    trace_evidence_test.go:150: 
        msr_hm_0
        MSR Cambridge enterprise block I/O, read requests (FAST '08)
        MSR Cambridge trace: 418343 records (120058 reads, 298285 writes) expanded to 2000000 block accesses from reads over 818034 distinct 512-byte blocks
        cache 20000 entries, 2.4% of the 818034 distinct keys
    trace_evidence_test.go:187: 
        | Subject | Hit rate, median [min-max] |
        | --- | --- |
        | 2Q | 17.01% |
        | ARC | 16.65% |
        | W-TinyLFU | 16.22% [16.13-16.35] |
        | S3-FIFO | 15.84% |
        | adaptive, 10 epochs (every 200000 requests) | 15.22% [14.39-15.77] |
        | SIEVE | 15.19% |
        | LFU | 14.99% |
        | adaptive, 50 epochs (every 40000 requests) | 14.39% [13.79-15.77] |
        | adaptive, 20 epochs (every 100000 requests) | 13.31% [12.95-14.40] |
        | Random | 12.62% [12.60-12.63] |
        | LRU | 11.40% |
        | TTL | 11.40% |
=== RUN   TestTraceEvidence/msr_prn_0
    trace_evidence_test.go:150: 
        msr_prn_0
        MSR Cambridge enterprise block I/O, read requests (FAST '08)
        MSR Cambridge trace: 96363 records (37302 reads, 59061 writes) expanded to 2000000 block accesses from reads over 1900653 distinct 512-byte blocks
        cache 20000 entries, 1.1% of the 1900653 distinct keys
    trace_evidence_test.go:187: 
        | Subject | Hit rate, median [min-max] |
        | --- | --- |
        | LFU | 1.06% |
        | SIEVE | 1.06% |
        | adaptive, 50 epochs (every 40000 requests) | 1.05% [0.73-1.08] |
        | 2Q | 1.04% |
        | ARC | 1.02% |
        | S3-FIFO | 1.01% |
        | LRU | 1.00% |
        | TTL | 1.00% |
        | Random | 0.95% [0.94-0.95] |
        | adaptive, 10 epochs (every 200000 requests) | 0.87% [0.84-0.87] |
        | adaptive, 20 epochs (every 100000 requests) | 0.84% [0.71-0.97] |
        | W-TinyLFU | 0.78% [0.73-0.87] |
=== RUN   TestTraceEvidence/msr_proj_0
    trace_evidence_test.go:150: 
        msr_proj_0
        MSR Cambridge enterprise block I/O, read requests (FAST '08)
        MSR Cambridge trace: 73170 records (43792 reads, 29378 writes) expanded to 2000000 block accesses from reads over 1748195 distinct 512-byte blocks
        cache 20000 entries, 1.1% of the 1748195 distinct keys
    trace_evidence_test.go:187: 
        | Subject | Hit rate, median [min-max] |
        | --- | --- |
        | S3-FIFO | 5.79% |
        | adaptive, 50 epochs (every 40000 requests) | 5.39% [5.36-5.58] |
        | 2Q | 5.38% |
        | ARC | 5.38% |
        | LRU | 5.35% |
        | TTL | 5.35% |
        | Random | 5.21% [5.19-5.21] |
        | adaptive, 10 epochs (every 200000 requests) | 5.13% [5.13-5.14] |
        | adaptive, 20 epochs (every 100000 requests) | 5.10% [5.07-5.29] |
        | LFU | 4.73% |
        | SIEVE | 4.73% |
        | W-TinyLFU | 4.35% [4.29-4.43] |
=== RUN   TestTraceEvidence/msr_src1_2
    trace_evidence_test.go:150: 
        msr_src1_2
        MSR Cambridge enterprise block I/O, read requests (FAST '08)
        MSR Cambridge trace: 52584 records (28999 reads, 23585 writes) expanded to 2000000 block accesses from reads over 1947636 distinct 512-byte blocks
        cache 20000 entries, 1.0% of the 1947636 distinct keys
    trace_evidence_test.go:187: 
        | Subject | Hit rate, median [min-max] |
        | --- | --- |
        | 2Q | 1.77% |
        | ARC | 1.73% |
        | TTL | 1.70% |
        | LRU | 1.70% |
        | adaptive, 10 epochs (every 200000 requests) | 1.70% |
        | adaptive, 20 epochs (every 100000 requests) | 1.70% [1.27-1.70] |
        | S3-FIFO | 1.70% |
        | adaptive, 50 epochs (every 40000 requests) | 1.70% [1.67-1.70] |
        | Random | 1.63% [1.63-1.64] |
        | LFU | 1.42% |
        | SIEVE | 1.42% |
        | W-TinyLFU | 1.16% [0.94-1.18] |
=== RUN   TestTraceEvidence/msr_usr_0
    trace_evidence_test.go:150: 
        msr_usr_0
        MSR Cambridge enterprise block I/O, read requests (FAST '08)
        MSR Cambridge trace: 96189 records (40753 reads, 55436 writes) expanded to 2000000 block accesses from reads over 1778953 distinct 512-byte blocks
        cache 20000 entries, 1.1% of the 1778953 distinct keys
    trace_evidence_test.go:187: 
        | Subject | Hit rate, median [min-max] |
        | --- | --- |
        | S3-FIFO | 3.58% |
        | 2Q | 3.57% |
        | LRU | 3.57% |
        | TTL | 3.57% |
        | adaptive, 10 epochs (every 200000 requests) | 3.57% [3.00-3.57] |
        | ARC | 3.55% |
        | adaptive, 20 epochs (every 100000 requests) | 3.50% [3.50-3.52] |
        | Random | 3.49% [3.49-3.49] |
        | adaptive, 50 epochs (every 40000 requests) | 3.42% [3.41-3.66] |
        | W-TinyLFU | 2.82% [2.20-2.85] |
        | LFU | 1.46% |
        | SIEVE | 1.46% |
=== RUN   TestTraceEvidence/msr_web_0
    trace_evidence_test.go:150: 
        msr_web_0
        MSR Cambridge enterprise block I/O, read requests (FAST '08)
        MSR Cambridge trace: 71173 records (34449 reads, 36724 writes) expanded to 2000000 block accesses from reads over 1855956 distinct 512-byte blocks
        cache 20000 entries, 1.1% of the 1855956 distinct keys
    trace_evidence_test.go:187: 
        | Subject | Hit rate, median [min-max] |
        | --- | --- |
        | SIEVE | 2.61% |
        | LFU | 2.61% |
        | 2Q | 2.61% |
        | ARC | 2.60% |
        | Random | 2.56% [2.55-2.56] |
        | S3-FIFO | 2.49% |
        | adaptive, 50 epochs (every 40000 requests) | 2.44% [2.44-2.47] |
        | adaptive, 20 epochs (every 100000 requests) | 2.41% [2.41-2.41] |
        | adaptive, 10 epochs (every 200000 requests) | 2.35% [2.28-2.35] |
        | LRU | 2.30% |
        | TTL | 2.30% |
        | W-TinyLFU | 2.28% [2.26-2.33] |
=== NAME  TestTraceEvidence
    trace_evidence_test.go:202: 
        | Trace | Requests | Best fixed | Worst fixed | Adaptive, 10 epochs | Adaptive, 20 epochs | Adaptive, 50 epochs |
        | --- | --- | --- | --- | --- | --- | --- |
        | twitter_cluster052.csv | 1000000 | SIEVE 59.78% | LFU 41.44% | 58.60% [58.55-59.07] (-1.19) | 58.81% [58.66-59.13] (-0.97) | 58.17% [58.09-58.32] (-1.61) |
        | lirs_loop.trace | 505500 | W-TinyLFU 43.72% [30.36-50.05] | 2Q 0.00% | 38.70% [37.32-41.82] (-5.01) | 43.19% [39.66-45.54] (-0.53) | 43.06% [39.02-47.98] (-0.66) |
        | lirs_2_pools.trace | 100000 | W-TinyLFU 54.67% [54.51-54.70] | Random 49.93% [49.88-50.12] | 54.42% [54.37-54.42] (-0.25) | 54.41% [54.12-54.42] (-0.25) | 54.24% [54.11-54.28] (-0.43) |
        | arc_p3 | 2000000 | W-TinyLFU 12.11% [11.28-12.39] | LRU 1.87% | 12.56% [12.06-12.78] (+0.46) | 12.77% [11.18-13.36] (+0.66) | 12.40% [11.92-13.36] (+0.29) |
        | arc_oltp | 914145 | 2Q 68.25% | LFU 45.43% | 67.64% [67.37-67.75] (-0.61) | 66.92% [66.45-67.04] (-1.34) | 66.11% [65.94-66.25] (-2.15) |
        | meta_kvcache_202206_1 | 2000000 | S3-FIFO 69.05% | Random 65.18% [65.17-65.20] | 67.96% [67.83-68.11] (-1.09) | 67.53% [67.50-67.61] (-1.52) | 66.81% [66.77-66.91] (-2.24) |
        | msr_hm_0 | 2000000 | 2Q 17.01% | LRU 11.40% | 15.22% [14.39-15.77] (-1.79) | 13.31% [12.95-14.40] (-3.70) | 14.39% [13.79-15.77] (-2.61) |
        | msr_prn_0 | 2000000 | LFU 1.06% | W-TinyLFU 0.78% [0.73-0.87] | 0.87% [0.84-0.87] (-0.19) | 0.84% [0.71-0.97] (-0.22) | 1.05% [0.73-1.08] (-0.00) |
        | msr_proj_0 | 2000000 | S3-FIFO 5.79% | W-TinyLFU 4.35% [4.29-4.43] | 5.13% [5.13-5.14] (-0.66) | 5.10% [5.07-5.29] (-0.70) | 5.39% [5.36-5.58] (-0.40) |
        | msr_src1_2 | 2000000 | 2Q 1.77% | W-TinyLFU 1.16% [0.94-1.18] | 1.70% (-0.06) | 1.70% [1.27-1.70] (-0.06) | 1.70% [1.67-1.70] (-0.07) |
        | msr_usr_0 | 2000000 | S3-FIFO 3.58% | LFU 1.46% | 3.57% [3.00-3.57] (-0.01) | 3.50% [3.50-3.52] (-0.08) | 3.42% [3.41-3.66] (-0.17) |
        | msr_web_0 | 2000000 | LFU 2.61% | W-TinyLFU 2.28% [2.26-2.33] | 2.35% [2.28-2.35] (-0.26) | 2.41% [2.41-2.41] (-0.20) | 2.44% [2.44-2.47] (-0.17) |
    trace_evidence_test.go:203: wrote /Users/sshaplygin/GithubProjects/as-cache/.reports/v04-verification/traces.json
--- PASS: TestTraceEvidence (432.22s)
    --- PASS: TestTraceEvidence/twitter_cluster052.csv (16.97s)
    --- PASS: TestTraceEvidence/lirs_loop.trace (8.89s)
    --- PASS: TestTraceEvidence/lirs_2_pools.trace (1.17s)
    --- PASS: TestTraceEvidence/arc_p3 (47.21s)
    --- PASS: TestTraceEvidence/arc_oltp (17.17s)
    --- PASS: TestTraceEvidence/meta_kvcache_202206_1 (27.26s)
    --- PASS: TestTraceEvidence/msr_hm_0 (62.09s)
    --- PASS: TestTraceEvidence/msr_prn_0 (52.94s)
    --- PASS: TestTraceEvidence/msr_proj_0 (48.86s)
    --- PASS: TestTraceEvidence/msr_src1_2 (48.60s)
    --- PASS: TestTraceEvidence/msr_usr_0 (47.09s)
    --- PASS: TestTraceEvidence/msr_web_0 (48.17s)
=== RUN   TestLoadMSRTraceExpandsEachRecordIntoItsBlocks
--- PASS: TestLoadMSRTraceExpandsEachRecordIntoItsBlocks (0.00s)
=== RUN   TestLoadMSRTraceNamespacesByHostAndDisk
--- PASS: TestLoadMSRTraceNamespacesByHostAndDisk (0.00s)
=== RUN   TestLoadMSRTraceSkipsWritesUnlessAsked
--- PASS: TestLoadMSRTraceSkipsWritesUnlessAsked (0.00s)
=== RUN   TestLoadMSRTraceHonoursBlockSizeAndLimit
--- PASS: TestLoadMSRTraceHonoursBlockSizeAndLimit (0.00s)
=== RUN   TestLoadMSRTraceToleratesHeadersAndTruncation
--- PASS: TestLoadMSRTraceToleratesHeadersAndTruncation (0.00s)
=== RUN   TestLoadMSRTraceRejectsAFileWithNoRecords
--- PASS: TestLoadMSRTraceRejectsAFileWithNoRecords (0.00s)
=== RUN   TestLoadMetaKVTraceExpandsOpCount
--- PASS: TestLoadMetaKVTraceExpandsOpCount (0.00s)
=== RUN   TestLoadMetaKVTraceReadsThe2024Layout
--- PASS: TestLoadMetaKVTraceReadsThe2024Layout (0.00s)
=== RUN   TestLoadMetaKVTraceIncludesWritesOnRequest
--- PASS: TestLoadMetaKVTraceIncludesWritesOnRequest (0.00s)
=== RUN   TestLoadMetaKVTraceHonoursTheLimitInsideARow
--- PASS: TestLoadMetaKVTraceHonoursTheLimitInsideARow (0.00s)
=== RUN   TestLoadMetaKVTraceToleratesATruncatedTail
--- PASS: TestLoadMetaKVTraceToleratesATruncatedTail (0.00s)
=== RUN   TestLoadMetaKVTraceRejectsAnUnrecognisedHeader
--- PASS: TestLoadMetaKVTraceRejectsAnUnrecognisedHeader (0.00s)
=== RUN   TestEveryArmDrivesAnAdaptiveCache
--- PASS: TestEveryArmDrivesAnAdaptiveCache (0.01s)
=== RUN   TestLoadMSRTraceCoversEveryBlockAByteRangeTouches
--- PASS: TestLoadMSRTraceCoversEveryBlockAByteRangeTouches (0.00s)
=== RUN   TestLoadMSRTraceSeesReuseBetweenOverlappingRequests
--- PASS: TestLoadMSRTraceSeesReuseBetweenOverlappingRequests (0.00s)
=== RUN   TestLoadMSRTraceCapsOneRecordsExpansion
--- PASS: TestLoadMSRTraceCapsOneRecordsExpansion (0.02s)
=== RUN   TestLoadMSRTraceRequiresEveryColumn
=== RUN   TestLoadMSRTraceRequiresEveryColumn/cut_inside_type
=== RUN   TestLoadMSRTraceRequiresEveryColumn/cut_inside_time
=== RUN   TestLoadMSRTraceRequiresEveryColumn/cut_inside_size
--- PASS: TestLoadMSRTraceRequiresEveryColumn (0.00s)
    --- PASS: TestLoadMSRTraceRequiresEveryColumn/cut_inside_type (0.00s)
    --- PASS: TestLoadMSRTraceRequiresEveryColumn/cut_inside_time (0.00s)
    --- PASS: TestLoadMSRTraceRequiresEveryColumn/cut_inside_size (0.00s)
=== RUN   TestLoadMSRTraceCountsOnlyRecognisedTypes
--- PASS: TestLoadMSRTraceCountsOnlyRecognisedTypes (0.00s)
=== RUN   TestLoadMetaKVTraceRequiresOpCount
--- PASS: TestLoadMetaKVTraceRequiresOpCount (0.00s)
=== RUN   TestLoadMetaKVTraceSkipsRowsWithAnUnreadableOpCount
--- PASS: TestLoadMetaKVTraceSkipsRowsWithAnUnreadableOpCount (0.00s)
=== RUN   TestLoadersReturnWhatTheyReadFromATruncatedGzip
=== RUN   TestLoadersReturnWhatTheyReadFromATruncatedGzip/msr
=== RUN   TestLoadersReturnWhatTheyReadFromATruncatedGzip/meta
--- PASS: TestLoadersReturnWhatTheyReadFromATruncatedGzip (0.00s)
    --- PASS: TestLoadersReturnWhatTheyReadFromATruncatedGzip/msr (0.00s)
    --- PASS: TestLoadersReturnWhatTheyReadFromATruncatedGzip/meta (0.00s)
=== RUN   TestTraceLoaders
=== RUN   TestTraceLoaders/meta_kvcache_202206_1.csv
=== RUN   TestTraceLoaders/lirs_loop.trace.gz
=== RUN   TestTraceLoaders/lirs_2_pools.trace.gz
=== RUN   TestTraceLoaders/meta_kvcache_expansion
    trace_test.go:212: 1160580 rows (942355 reads, 218225 writes) -> 2000000 requests over 340723 distinct keys
=== RUN   TestTraceLoaders/arc_p3_expansion
--- PASS: TestTraceLoaders (3.17s)
    --- PASS: TestTraceLoaders/meta_kvcache_202206_1.csv (2.39s)
    --- PASS: TestTraceLoaders/lirs_loop.trace.gz (0.05s)
    --- PASS: TestTraceLoaders/lirs_2_pools.trace.gz (0.01s)
    --- PASS: TestTraceLoaders/meta_kvcache_expansion (0.38s)
    --- PASS: TestTraceLoaders/arc_p3_expansion (0.35s)
=== RUN   TestAdaptiveTuning
=== RUN   TestAdaptiveTuning/twitter_cluster052.csv
    tuning_test.go:54: 
        twitter_cluster052.csv: best fixed is SIEVE at 59.78%
    tuning_test.go:78:   2ms epoch, warm migration             55.02%  ( -4.77 pts vs best)    15951 ns/op
    tuning_test.go:78:   2ms epoch, cold migration             40.15%  (-19.63 pts vs best)      528 ns/op
    tuning_test.go:78:   50ms epoch, warm migration            58.72%  ( -1.06 pts vs best)      776 ns/op
    tuning_test.go:78:   50ms epoch, warm + stability gates    58.56%  ( -1.23 pts vs best)      583 ns/op
=== RUN   TestAdaptiveTuning/lirs_loop.trace
    tuning_test.go:54: 
        lirs_loop.trace: best fixed is W-TinyLFU at 46.87%
    tuning_test.go:78:   2ms epoch, warm migration             48.23%  ( +1.36 pts vs best)     1033 ns/op
    tuning_test.go:78:   2ms epoch, cold migration             42.14%  ( -4.72 pts vs best)      851 ns/op
    tuning_test.go:78:   50ms epoch, warm migration            37.24%  ( -9.63 pts vs best)      785 ns/op
    tuning_test.go:78:   50ms epoch, warm + stability gates    13.45%  (-33.41 pts vs best)      646 ns/op
=== RUN   TestAdaptiveTuning/lirs_2_pools.trace
    tuning_test.go:54: 
        lirs_2_pools.trace: best fixed is W-TinyLFU at 54.79%
    tuning_test.go:78:   2ms epoch, warm migration             54.44%  ( -0.36 pts vs best)      531 ns/op
    tuning_test.go:78:   2ms epoch, cold migration             51.28%  ( -3.52 pts vs best)      479 ns/op
    tuning_test.go:78:   50ms epoch, warm migration            54.41%  ( -0.38 pts vs best)      339 ns/op
    tuning_test.go:78:   50ms epoch, warm + stability gates    54.41%  ( -0.38 pts vs best)      336 ns/op
=== RUN   TestAdaptiveTuning/arc_p3
    tuning_test.go:54: 
        arc_p3: best fixed is W-TinyLFU at 12.27%
    tuning_test.go:78:   2ms epoch, warm migration              3.39%  ( -8.88 pts vs best)    53819 ns/op
    tuning_test.go:78:   2ms epoch, cold migration              0.86%  (-11.41 pts vs best)      755 ns/op
    tuning_test.go:78:   50ms epoch, warm migration            13.05%  ( +0.78 pts vs best)      936 ns/op
    tuning_test.go:78:   50ms epoch, warm + stability gates    10.08%  ( -2.18 pts vs best)     1077 ns/op
=== RUN   TestAdaptiveTuning/arc_oltp
    tuning_test.go:54: 
        arc_oltp: best fixed is 2Q at 68.25%
    tuning_test.go:78:   2ms epoch, warm migration             62.26%  ( -5.99 pts vs best)    35162 ns/op
    tuning_test.go:78:   2ms epoch, cold migration             35.02%  (-33.24 pts vs best)      566 ns/op
    tuning_test.go:78:   50ms epoch, warm migration            67.34%  ( -0.91 pts vs best)      704 ns/op
    tuning_test.go:78:   50ms epoch, warm + stability gates    67.42%  ( -0.84 pts vs best)      627 ns/op
=== RUN   TestAdaptiveTuning/meta_kvcache_202206_1
    tuning_test.go:54: 
        meta_kvcache_202206_1: best fixed is S3-FIFO at 69.05%
    tuning_test.go:78:   2ms epoch, warm migration             65.16%  ( -3.89 pts vs best)    13884 ns/op
    tuning_test.go:78:   2ms epoch, cold migration             58.94%  (-10.11 pts vs best)      397 ns/op
    tuning_test.go:78:   50ms epoch, warm migration            67.42%  ( -1.63 pts vs best)      562 ns/op
    tuning_test.go:78:   50ms epoch, warm + stability gates    68.12%  ( -0.94 pts vs best)      498 ns/op
=== RUN   TestAdaptiveTuning/msr_hm_0
    tuning_test.go:54: 
        msr_hm_0: best fixed is 2Q at 17.01%
    tuning_test.go:78:   2ms epoch, warm migration             12.72%  ( -4.29 pts vs best)    55879 ns/op
    tuning_test.go:78:   2ms epoch, cold migration              6.74%  (-10.27 pts vs best)      778 ns/op
    tuning_test.go:78:   50ms epoch, warm migration            15.20%  ( -1.80 pts vs best)      994 ns/op
    tuning_test.go:78:   50ms epoch, warm + stability gates    14.63%  ( -2.37 pts vs best)      879 ns/op
=== RUN   TestAdaptiveTuning/msr_prn_0
    tuning_test.go:54: 
        msr_prn_0: best fixed is LFU at 1.06%
    tuning_test.go:78:   2ms epoch, warm migration              0.97%  ( -0.08 pts vs best)    57195 ns/op
    tuning_test.go:78:   2ms epoch, cold migration              0.60%  ( -0.45 pts vs best)      719 ns/op
    tuning_test.go:78:   50ms epoch, warm migration             0.96%  ( -0.10 pts vs best)      990 ns/op
    tuning_test.go:78:   50ms epoch, warm + stability gates     1.00%  ( -0.05 pts vs best)      645 ns/op
=== RUN   TestAdaptiveTuning/msr_proj_0
    tuning_test.go:54: 
        msr_proj_0: best fixed is S3-FIFO at 5.79%
    tuning_test.go:78:   2ms epoch, warm migration              5.07%  ( -0.72 pts vs best)    51414 ns/op
    tuning_test.go:78:   2ms epoch, cold migration              3.04%  ( -2.76 pts vs best)      685 ns/op
    tuning_test.go:78:   50ms epoch, warm migration             4.71%  ( -1.08 pts vs best)      946 ns/op
    tuning_test.go:78:   50ms epoch, warm + stability gates     5.32%  ( -0.48 pts vs best)      615 ns/op
=== RUN   TestAdaptiveTuning/msr_src1_2
    tuning_test.go:54: 
        msr_src1_2: best fixed is 2Q at 1.77%
    tuning_test.go:78:   2ms epoch, warm migration              1.57%  ( -0.19 pts vs best)    52009 ns/op
    tuning_test.go:78:   2ms epoch, cold migration              0.85%  ( -0.92 pts vs best)      726 ns/op
    tuning_test.go:78:   50ms epoch, warm migration             1.70%  ( -0.06 pts vs best)      962 ns/op
    tuning_test.go:78:   50ms epoch, warm + stability gates     1.70%  ( -0.06 pts vs best)      633 ns/op
=== RUN   TestAdaptiveTuning/msr_usr_0
    tuning_test.go:54: 
        msr_usr_0: best fixed is S3-FIFO at 3.58%
    tuning_test.go:78:   2ms epoch, warm migration              3.50%  ( -0.09 pts vs best)    51438 ns/op
    tuning_test.go:78:   2ms epoch, cold migration              1.91%  ( -1.67 pts vs best)      745 ns/op
    tuning_test.go:78:   50ms epoch, warm migration             3.67%  ( +0.09 pts vs best)     1065 ns/op
    tuning_test.go:78:   50ms epoch, warm + stability gates     3.57%  ( -0.01 pts vs best)      679 ns/op
=== RUN   TestAdaptiveTuning/msr_web_0
    tuning_test.go:54: 
        msr_web_0: best fixed is LFU at 2.61%
    tuning_test.go:78:   2ms epoch, warm migration              2.53%  ( -0.08 pts vs best)    59104 ns/op
    tuning_test.go:78:   2ms epoch, cold migration              1.56%  ( -1.05 pts vs best)      783 ns/op
    tuning_test.go:78:   50ms epoch, warm migration             2.36%  ( -0.25 pts vs best)     1147 ns/op
    tuning_test.go:78:   50ms epoch, warm + stability gates     2.30%  ( -0.31 pts vs best)      739 ns/op
--- PASS: TestAdaptiveTuning (957.15s)
    --- PASS: TestAdaptiveTuning/twitter_cluster052.csv (21.82s)
    --- PASS: TestAdaptiveTuning/lirs_loop.trace (2.98s)
    --- PASS: TestAdaptiveTuning/lirs_2_pools.trace (0.35s)
    --- PASS: TestAdaptiveTuning/arc_p3 (121.41s)
    --- PASS: TestAdaptiveTuning/arc_oltp (37.13s)
    --- PASS: TestAdaptiveTuning/meta_kvcache_202206_1 (37.07s)
    --- PASS: TestAdaptiveTuning/msr_hm_0 (125.45s)
    --- PASS: TestAdaptiveTuning/msr_prn_0 (127.09s)
    --- PASS: TestAdaptiveTuning/msr_proj_0 (115.12s)
    --- PASS: TestAdaptiveTuning/msr_src1_2 (116.62s)
    --- PASS: TestAdaptiveTuning/msr_usr_0 (115.76s)
    --- PASS: TestAdaptiveTuning/msr_web_0 (131.62s)
=== RUN   TestSwitchWarmupCost
    warmup_test.go:120: 
        hit rate after a switch from LRU to LFU at request 100000 (zipf, 200000 requests, cache 500)
        | Configuration | 0-1000 | 1000-5000 | 5000-20000 | 20000-100000 |
        | --- | --- | --- | --- | --- |
        | LFU all along (no warm-up) | 77.00% | 74.28% | 74.59% | 73.90% |
        | LRU, never switched | 70.50% | 67.90% | 67.58% | 66.82% |
        | cold | 59.50% | 69.45% | 72.93% | 73.52% |
        | warm | 70.50% | 70.03% | 72.91% | 73.55% |
        | gradual | 70.40% | 70.12% | 72.88% | 73.52% |
        | gradual, capped at 10 Gets | 59.90% | 69.47% | 72.93% | 73.52% |
        | gradual, capped at 100 Gets | 63.90% | 69.58% | 72.99% | 73.53% |
        | gradual, capped at 1000 Gets | 70.40% | 70.12% | 72.88% | 73.52% |
--- PASS: TestSwitchWarmupCost (0.72s)
PASS
ok  	github.com/sshaplygin/as-cache/bench	1471.381s
